Archive member included to satisfy reference by file (symbol)

/opt/devkitpro/libnds/lib/libfat.a(libfat.o)
                              main.o (fatInitDefault)
/opt/devkitpro/libnds/lib/libfat.a(disc.o)
                              /opt/devkitpro/libnds/lib/libfat.a(libfat.o) (_FAT_disc_interfaces)
/opt/devkitpro/libnds/lib/libfat.a(fatfile.o)
                              /opt/devkitpro/libnds/lib/libfat.a(libfat.o) (_FAT_open_r)
/opt/devkitpro/libnds/lib/libfat.a(cache.o)
                              /opt/devkitpro/libnds/lib/libfat.a(fatfile.o) (_FAT_cache_readSectors)
/opt/devkitpro/libnds/lib/libfat.a(fatdir.o)
                              /opt/devkitpro/libnds/lib/libfat.a(libfat.o) (_FAT_stat_r)
/opt/devkitpro/libnds/lib/libfat.a(directory.o)
                              /opt/devkitpro/libnds/lib/libfat.a(fatfile.o) (_FAT_directory_entryGetCluster)
/opt/devkitpro/libnds/lib/libfat.a(partition.o)
                              /opt/devkitpro/libnds/lib/libfat.a(libfat.o) (_FAT_partition_constructor)
/opt/devkitpro/libnds/lib/libfat.a(lock.o)
                              /opt/devkitpro/libnds/lib/libfat.a(partition.o) (_FAT_lock_init)
/opt/devkitpro/libnds/lib/libfat.a(filetime.o)
                              /opt/devkitpro/libnds/lib/libfat.a(fatfile.o) (_FAT_filetime_getTimeFromRTC)
/opt/devkitpro/libnds/lib/libfat.a(file_allocation_table.o)
                              /opt/devkitpro/libnds/lib/libfat.a(fatfile.o) (_FAT_fat_nextCluster)
/opt/devkitpro/libnds/lib/libnds9.a(console.o)
                              main.o (consoleDemoInit)
/opt/devkitpro/libnds/lib/libnds9.a(dldi.o)
                              /opt/devkitpro/libnds/lib/libfat.a(disc.o) (dldiGetInternal)
/opt/devkitpro/libnds/lib/libnds9.a(initSystem.o)
                              /opt/devkitpro/devkitARM/lib/gcc/arm-none-eabi/8.1.0/../../../../arm-none-eabi/lib/thumb/ds_arm9_crt0.o (initSystem)
/opt/devkitpro/libnds/lib/libnds9.a(timeSupport.o)
                              /opt/devkitpro/libnds/lib/libnds9.a(initSystem.o) (__libnds_gtod)
/opt/devkitpro/libnds/lib/libnds9.a(securearea.o)
                              /opt/devkitpro/devkitARM/lib/gcc/arm-none-eabi/8.1.0/../../../../arm-none-eabi/lib/thumb/ds_arm9_crt0.o (__secure_area__)
/opt/devkitpro/libnds/lib/libnds9.a(interrupts.o)
                              /opt/devkitpro/libnds/lib/libnds9.a(initSystem.o) (irqInit)
/opt/devkitpro/libnds/lib/libnds9.a(libnds_exit.arm.o)
                              /opt/devkitpro/devkitARM/lib/gcc/arm-none-eabi/8.1.0/../../../../arm-none-eabi/lib/thumb/ds_arm9_crt0.o (__libnds_exit)
/opt/devkitpro/libnds/lib/libnds9.a(fifosystem.o)
                              /opt/devkitpro/libnds/lib/libnds9.a(initSystem.o) (fifoSetValue32Handler)
/opt/devkitpro/libnds/lib/libnds9.a(dldi_stub.o)
                              /opt/devkitpro/libnds/lib/libnds9.a(dldi.o) (_io_dldi_stub)
/opt/devkitpro/libnds/lib/libnds9.a(mpu_setup.o)
                              /opt/devkitpro/devkitARM/lib/gcc/arm-none-eabi/8.1.0/../../../../arm-none-eabi/lib/thumb/ds_arm9_crt0.o (__libnds_mpu_setup)
/opt/devkitpro/libnds/lib/libnds9.a(IntrWait.o)
                              main.o (swiWaitForVBlank)
/opt/devkitpro/libnds/lib/libnds9.a(cpu_clock.o)
                              /opt/devkitpro/libnds/lib/libnds9.a(initSystem.o) (setCpuClock)
/opt/devkitpro/libnds/lib/libnds9.a(interruptDispatcher.o)
                              /opt/devkitpro/libnds/lib/libnds9.a(interrupts.o) (IntrMain)
/opt/devkitpro/libnds/lib/libnds9.a(debugprint.o)
                              /opt/devkitpro/libnds/lib/libnds9.a(console.o) (nocashWrite)
/opt/devkitpro/libnds/lib/libnds9.a(swiSoftReset.o)
                              /opt/devkitpro/libnds/lib/libnds9.a(fifosystem.o) (swiSoftReset)
/opt/devkitpro/libnds/lib/libnds9.a(default_font.bin.o)
                              /opt/devkitpro/libnds/lib/libnds9.a(console.o) (default_font_bin)
/opt/devkitpro/libnds/lib/libnds9.a(background.o)
                              /opt/devkitpro/libnds/lib/libnds9.a(console.o) (bgState)
/opt/devkitpro/libnds/lib/libnds9.a(video.o)
                              /opt/devkitpro/libnds/lib/libnds9.a(initSystem.o) (vramDefault)
/opt/devkitpro/libnds/lib/libnds9.a(system.o)
                              /opt/devkitpro/libnds/lib/libnds9.a(initSystem.o) (systemValueHandler)
/opt/devkitpro/libnds/lib/libnds9.a(trig.o)
                              /opt/devkitpro/libnds/lib/libnds9.a(background.o) (sinLerp)
/opt/devkitpro/libnds/lib/libnds9.a(sd.twl.o)
                              /opt/devkitpro/libnds/lib/libnds9.a(dldi.o) (__io_dsisd)
/opt/devkitpro/libnds/lib/libnds9.a(dcache.o)
                              /opt/devkitpro/libnds/lib/libnds9.a(sd.twl.o) (DC_FlushRange)
/opt/devkitpro/libnds/lib/libnds9.a(biosCalls.o)
                              /opt/devkitpro/libnds/lib/libnds9.a(system.o) (swiDelay)
/opt/devkitpro/devkitARM/lib/gcc/arm-none-eabi/8.1.0/thumb/libgcc.a(_udivsi3.o)
[...]
Memory Configuration

Name             Origin             Length             Attributes
ewram            0x0000000002000000 0x0000000000380000
dtcm             0x000000000b000000 0x0000000000004000
vectors          0x0000000001000000 0x0000000000000100
itcm             0x0000000001000100 0x0000000000007f00
*default*        0x0000000000000000 0xffffffffffffffff

Linker script and memory map

                0x0000000002380000                __ewram_end = (ORIGIN (ewram) + LENGTH (ewram))
                0x0000000002380000                __eheap_end = (ORIGIN (ewram) + LENGTH (ewram))
                0x000000000b004000                __dtcm_top = (ORIGIN (dtcm) + LENGTH (dtcm))
                0x000000000b003ff8                __irq_flags = (__dtcm_top - 0x8)
                0x000000000b003ffc                __irq_vector = (__dtcm_top - 0x4)
                0x000000000b003f00                __sp_svc = (__dtcm_top - 0x100)
                0x000000000b003e00                __sp_irq = (__sp_svc - 0x100)
                0x000000000b003d00                __sp_usr = (__sp_irq - 0x100)

.secure         0x0000000002000000      0x800
 *(.secure)
 .secure        0x0000000002000000      0x800 /opt/devkitpro/libnds/lib/libnds9.a(securearea.o)
                0x0000000002000000                __secure_area__

.crt0           0x0000000002000800      0x300
                0x0000000002000800                __text_start = .
 *(.crt0)
 .crt0          0x0000000002000800      0x300 /opt/devkitpro/devkitARM/lib/gcc/arm-none-eabi/8.1.0/../../../../arm-none-eabi/lib/thumb/ds_arm9_crt0.o
                0x0000000002000800                _start
                0x0000000002000b00                . = ALIGN (0x4)

.plt
 *(.plt)

.init           0x0000000002000b00        0xc
 *(SORT_NONE(.init))
 .init          0x0000000002000b00        0x4 /opt/devkitpro/devkitARM/lib/gcc/arm-none-eabi/8.1.0/thumb/crti.o
                0x0000000002000b00                _init
 .init          0x0000000002000b04        0x8 /opt/devkitpro/devkitARM/lib/gcc/arm-none-eabi/8.1.0/thumb/crtn.o

.text           0x0000000002000b40    0x17c20
 *(EXCLUDE_FILE(*.twl* *.vectors* *.itcm*) .text)
 .text          0x0000000002000b40      0x1f0 main.o
                0x0000000002000b40                burnRom
                0x0000000002000d04                setMode
 *fill*         0x0000000002000d30       0x10 ff
 .text          0x0000000002000d40     0x4000 /opt/devkitpro/libnds/lib/libnds9.a(dldi_stub.o)
                0x0000000002000d40                _io_dldi_stub
 .text          0x0000000002004d40      0x11c /opt/devkitpro/devkitARM/lib/gcc/arm-none-eabi/8.1.0/thumb/libgcc.a(_udivsi3.o)
                0x0000000002004d40                __udivsi3
                0x0000000002004d40                __aeabi_uidiv
                0x0000000002004e3c                __aeabi_uidivmod
 .text          0x0000000002004e5c      0x150 /opt/devkitpro/devkitARM/lib/gcc/arm-none-eabi/8.1.0/thumb/libgcc.a(_divsi3.o)
                0x0000000002004e5c                __aeabi_idiv
                0x0000000002004e5c                __divsi3
                0x0000000002004f8c                __aeabi_idivmod
 .text          0x0000000002004fac        0x4 /opt/devkitpro/devkitARM/lib/gcc/arm-none-eabi/8.1.0/thumb/libgcc.a(_dvmd_tls.o)
                0x0000000002004fac                __aeabi_ldiv0
                0x0000000002004fac                __aeabi_idiv0
 .text          0x0000000002004fb0       0xd4 /opt/devkitpro/devkitARM/lib/gcc/arm-none-eabi/8.1.0/thumb/libgcc.a(_aeabi_ldivmod.o)
                0x0000000002004fb0                __aeabi_ldivmod
 .text          0x0000000002005084       0x28 /opt/devkitpro/devkitARM/lib/gcc/arm-none-eabi/8.1.0/thumb/libgcc.a(_clzdi2.o)
                0x0000000002005084                __clzdi2
 .text          0x00000000020050ac       0x48 /opt/devkitpro/devkitARM/lib/gcc/arm-none-eabi/8.1.0/thumb/libgcc.a(_clzsi2.o)
                0x00000000020050ac                __clzsi2
 .text          0x00000000020050f4      0x224 /opt/devkitpro/devkitARM/lib/gcc/arm-none-eabi/8.1.0/../../../../arm-none-eabi/lib/thumb/libg.a(lib_a-strcmp.o)
                0x00000000020050f4                strcmp
 .text          0x0000000002005318       0x14 /opt/devkitpro/devkitARM/lib/gcc/arm-none-eabi/8.1.0/thumb/libgcc.a(_thumb1_case_uqi.o)
                0x0000000002005318                __gnu_thumb1_case_uqi
 .text          0x000000000200532c       0x14 /opt/devkitpro/devkitARM/lib/gcc/arm-none-eabi/8.1.0/thumb/libgcc.a(_thumb1_case_uhi.o)
                0x000000000200532c                __gnu_thumb1_case_uhi
 .text          0x0000000002005340      0x424 /opt/devkitpro/devkitARM/lib/gcc/arm-none-eabi/8.1.0/thumb/libgcc.a(_arm_addsubdf3.o)
                0x0000000002005340                __aeabi_drsub
                0x0000000002005348                __aeabi_dsub
                0x0000000002005348                __subdf3
                0x000000000200534c                __adddf3
                0x000000000200534c                __aeabi_dadd
                0x000000000200565c                __aeabi_ui2d
                0x000000000200565c                __floatunsidf
                0x0000000002005680                __floatsidf
                0x0000000002005680                __aeabi_i2d
                0x00000000020056a8                __extendsfdf2
                0x00000000020056a8                __aeabi_f2d
                0x00000000020056f0                __aeabi_ul2d
                0x00000000020056f0                __floatundidf
                0x0000000002005704                __floatdidf
                0x0000000002005704                __aeabi_l2d
 .text          0x0000000002005764      0x49c /opt/devkitpro/devkitARM/lib/gcc/arm-none-eabi/8.1.0/thumb/libgcc.a(_arm_muldivdf3.o)
                0x0000000002005764                __aeabi_dmul
                0x0000000002005764                __muldf3
                0x00000000020059f4                __aeabi_ddiv
                0x00000000020059f4                __divdf3
 .text          0x0000000002005c00      0x144 /opt/devkitpro/devkitARM/lib/gcc/arm-none-eabi/8.1.0/thumb/libgcc.a(_arm_cmpdf2.o)
                0x0000000002005c00                __gtdf2
                0x0000000002005c00                __gedf2
                0x0000000002005c08                __ltdf2
                0x0000000002005c08                __ledf2
                0x0000000002005c10                __cmpdf2
                0x0000000002005c10                __eqdf2
                0x0000000002005c10                __nedf2
                0x0000000002005c98                __aeabi_cdrcmple
                0x0000000002005cb4                __aeabi_cdcmple
                0x0000000002005cb4                __aeabi_cdcmpeq
                0x0000000002005ccc                __aeabi_dcmpeq
                0x0000000002005ce4                __aeabi_dcmplt
                0x0000000002005cfc                __aeabi_dcmple
                0x0000000002005d14                __aeabi_dcmpge
                0x0000000002005d2c                __aeabi_dcmpgt
 .text          0x0000000002005d44       0x38 /opt/devkitpro/devkitARM/lib/gcc/arm-none-eabi/8.1.0/thumb/libgcc.a(_arm_unorddf2.o)
                0x0000000002005d44                __aeabi_dcmpun
                0x0000000002005d44                __unorddf2
 .text          0x0000000002005d7c       0x5c /opt/devkitpro/devkitARM/lib/gcc/arm-none-eabi/8.1.0/thumb/libgcc.a(_arm_fixdfsi.o)
                0x0000000002005d7c                __fixdfsi
                0x0000000002005d7c                __aeabi_d2iz
 .text          0x0000000002005dd8       0x3c /opt/devkitpro/devkitARM/lib/gcc/arm-none-eabi/8.1.0/thumb/libgcc.a(_aeabi_uldivmod.o)
                0x0000000002005dd8                __aeabi_uldivmod
 *(EXCLUDE_FILE(*.twl* *.vectors* *.itcm*) .stub)
 *(EXCLUDE_FILE(*.twl* *.vectors* *.itcm*) .text.*)
 .text.deregister_tm_clones
                0x0000000002005e14       0x2c /opt/devkitpro/devkitARM/lib/gcc/arm-none-eabi/8.1.0/thumb/crtbegin.o
 .text.register_tm_clones
                0x0000000002005e40       0x34 /opt/devkitpro/devkitARM/lib/gcc/arm-none-eabi/8.1.0/thumb/crtbegin.o
 .text.__do_global_dtors_aux
                0x0000000002005e74       0x30 /opt/devkitpro/devkitARM/lib/gcc/arm-none-eabi/8.1.0/thumb/crtbegin.o
 .text.frame_dummy
                0x0000000002005ea4       0x28 /opt/devkitpro/devkitARM/lib/gcc/arm-none-eabi/8.1.0/thumb/crtbegin.o
 .text.startup  0x0000000002005ecc       0xc0 main.o
                0x0000000002005ecc                main
 .text.fatMount
                0x0000000002005f8c       0xc4 /opt/devkitpro/libnds/lib/libfat.a(libfat.o)
                0x0000000002005f8c                fatMount
 .text.fatInit  0x0000000002006050      0x140 /opt/devkitpro/libnds/lib/libfat.a(libfat.o)
                0x0000000002006050                fatInit
 .text.fatInitDefault
                0x0000000002006190        0xc /opt/devkitpro/libnds/lib/libfat.a(libfat.o)
                0x0000000002006190                fatInitDefault
 .text._FAT_check_position_for_next_cluster.isra.4.part.5
                0x000000000200619c       0x70 /opt/devkitpro/libnds/lib/libfat.a(fatfile.o)
 .text._FAT_syncToDisc.part.6
                0x000000000200620c       0xb8 /opt/devkitpro/libnds/lib/libfat.a(fatfile.o)
 .text._FAT_file_extend_r
                0x00000000020062c4      0x20c /opt/devkitpro/libnds/lib/libfat.a(fatfile.o)
 .text._FAT_open_r
                0x00000000020064d0      0x2d8 /opt/devkitpro/libnds/lib/libfat.a(fatfile.o)
                0x00000000020064d0                _FAT_open_r
 .text._FAT_close_r
                0x00000000020067a8       0x78 /opt/devkitpro/libnds/lib/libfat.a(fatfile.o)
                0x00000000020067a8                _FAT_close_r
 .text._FAT_read_r
                0x0000000002006820      0x388 /opt/devkitpro/libnds/lib/libfat.a(fatfile.o)
                0x0000000002006820                _FAT_read_r
 .text._FAT_write_r
                0x0000000002006ba8      0x524 /opt/devkitpro/libnds/lib/libfat.a(fatfile.o)
                0x0000000002006ba8                _FAT_write_r
 .text._FAT_seek_r
                0x00000000020070cc      0x1a0 /opt/devkitpro/libnds/lib/libfat.a(fatfile.o)
                0x00000000020070cc                _FAT_seek_r
 .text._FAT_fstat_r
                0x000000000200726c       0x8c /opt/devkitpro/libnds/lib/libfat.a(fatfile.o)
                0x000000000200726c                _FAT_fstat_r
 .text._FAT_ftruncate_r
                0x00000000020072f8      0x16c /opt/devkitpro/libnds/lib/libfat.a(fatfile.o)
                0x00000000020072f8                _FAT_ftruncate_r
 .text._FAT_fsync_r
                0x0000000002007464       0x44 /opt/devkitpro/libnds/lib/libfat.a(fatfile.o)
                0x0000000002007464                _FAT_fsync_r
 .text._FAT_cache_getPage
                0x00000000020074a8       0xfc /opt/devkitpro/libnds/lib/libfat.a(cache.o)
 .text._FAT_cache_writePartialSector.part.3
                0x00000000020075a4       0x44 /opt/devkitpro/libnds/lib/libfat.a(cache.o)
 .text._FAT_cache_constructor
                0x00000000020075e8       0x90 /opt/devkitpro/libnds/lib/libfat.a(cache.o)
                0x00000000020075e8                _FAT_cache_constructor
 .text._FAT_cache_readSectors
                0x0000000002007678       0x64 /opt/devkitpro/libnds/lib/libfat.a(cache.o)
                0x0000000002007678                _FAT_cache_readSectors
 .text._FAT_cache_readPartialSector
                0x00000000020076dc       0x40 /opt/devkitpro/libnds/lib/libfat.a(cache.o)
                0x00000000020076dc                _FAT_cache_readPartialSector
 .text._FAT_cache_readLittleEndianValue
                0x000000000200771c       0x70 /opt/devkitpro/libnds/lib/libfat.a(cache.o)
                0x000000000200771c                _FAT_cache_readLittleEndianValue
 .text._FAT_cache_writePartialSector
                0x000000000200778c       0x20 /opt/devkitpro/libnds/lib/libfat.a(cache.o)
                0x000000000200778c                _FAT_cache_writePartialSector
 .text._FAT_cache_writeLittleEndianValue
                0x00000000020077ac       0x40 /opt/devkitpro/libnds/lib/libfat.a(cache.o)
                0x00000000020077ac                _FAT_cache_writeLittleEndianValue
 .text._FAT_cache_eraseWritePartialSector
                0x00000000020077ec       0x68 /opt/devkitpro/libnds/lib/libfat.a(cache.o)
                0x00000000020077ec                _FAT_cache_eraseWritePartialSector
 .text._FAT_cache_writeSectors
                0x0000000002007854       0x74 /opt/devkitpro/libnds/lib/libfat.a(cache.o)
                0x0000000002007854                _FAT_cache_writeSectors
 .text._FAT_cache_flush
                0x00000000020078c8       0x40 /opt/devkitpro/libnds/lib/libfat.a(cache.o)
                0x00000000020078c8                _FAT_cache_flush
 .text._FAT_stat_r
                0x0000000002007908       0x90 /opt/devkitpro/libnds/lib/libfat.a(fatdir.o)
                0x0000000002007908                _FAT_stat_r
 .text._FAT_link_r
                0x0000000002007998        0xc /opt/devkitpro/libnds/lib/libfat.a(fatdir.o)
                0x0000000002007998                _FAT_link_r
 .text._FAT_unlink_r
                0x00000000020079a4      0x19c /opt/devkitpro/libnds/lib/libfat.a(fatdir.o)
                0x00000000020079a4                _FAT_unlink_r
 .text._FAT_chdir_r
                0x0000000002007b40       0x70 /opt/devkitpro/libnds/lib/libfat.a(fatdir.o)
                0x0000000002007b40                _FAT_chdir_r
 .text._FAT_rename_r
                0x0000000002007bb0      0x1c4 /opt/devkitpro/libnds/lib/libfat.a(fatdir.o)
                0x0000000002007bb0                _FAT_rename_r
 .text._FAT_mkdir_r
                0x0000000002007d74      0x22c /opt/devkitpro/libnds/lib/libfat.a(fatdir.o)
                0x0000000002007d74                _FAT_mkdir_r
 .text._FAT_statvfs_r
                0x0000000002007fa0       0x78 /opt/devkitpro/libnds/lib/libfat.a(fatdir.o)
                0x0000000002007fa0                _FAT_statvfs_r
 .text._FAT_diropen_r
                0x0000000002008018       0xb0 /opt/devkitpro/libnds/lib/libfat.a(fatdir.o)
                0x0000000002008018                _FAT_diropen_r
 .text._FAT_dirreset_r
                0x00000000020080c8       0x4c /opt/devkitpro/libnds/lib/libfat.a(fatdir.o)
                0x00000000020080c8                _FAT_dirreset_r
 .text._FAT_dirnext_r
                0x0000000002008114       0x7c /opt/devkitpro/libnds/lib/libfat.a(fatdir.o)
                0x0000000002008114                _FAT_dirnext_r
 .text._FAT_dirclose_r
                0x0000000002008190       0x20 /opt/devkitpro/libnds/lib/libfat.a(fatdir.o)
                0x0000000002008190                _FAT_dirclose_r
 .text._FAT_directory_incrementDirEntryPosition
                0x00000000020081b0       0x80 /opt/devkitpro/libnds/lib/libfat.a(directory.o)
 .text._FAT_directory_entryGetAlias
                0x0000000002008230       0xec /opt/devkitpro/libnds/lib/libfat.a(directory.o)
 .text._FAT_directory_mbsncasecmp
                0x000000000200831c       0xa8 /opt/devkitpro/libnds/lib/libfat.a(directory.o)
 .text._FAT_directory_entryGetCluster.part.5
                0x00000000020083c4       0x18 /opt/devkitpro/libnds/lib/libfat.a(directory.o)
 .text._FAT_directory_ucs2tombs.constprop.6
                0x00000000020083dc       0x98 /opt/devkitpro/libnds/lib/libfat.a(directory.o)
 .text._FAT_directory_entryGetCluster
                0x0000000002008474       0x1c /opt/devkitpro/libnds/lib/libfat.a(directory.o)
                0x0000000002008474                _FAT_directory_entryGetCluster
 .text._FAT_directory_getNextEntry
                0x0000000002008490      0x1fc /opt/devkitpro/libnds/lib/libfat.a(directory.o)
                0x0000000002008490                _FAT_directory_getNextEntry
 .text._FAT_directory_entryExists
                0x000000000200868c       0x80 /opt/devkitpro/libnds/lib/libfat.a(directory.o)
 .text._FAT_directory_getFirstEntry
                0x000000000200870c       0x20 /opt/devkitpro/libnds/lib/libfat.a(directory.o)
                0x000000000200870c                _FAT_directory_getFirstEntry
 .text._FAT_directory_getRootEntry
                0x000000000200872c       0x60 /opt/devkitpro/libnds/lib/libfat.a(directory.o)
                0x000000000200872c                _FAT_directory_getRootEntry
 .text._FAT_directory_entryFromPosition
                0x000000000200878c      0x168 /opt/devkitpro/libnds/lib/libfat.a(directory.o)
                0x000000000200878c                _FAT_directory_entryFromPosition
 .text._FAT_directory_entryFromPath
                0x00000000020088f4      0x214 /opt/devkitpro/libnds/lib/libfat.a(directory.o)
                0x00000000020088f4                _FAT_directory_entryFromPath
 .text._FAT_directory_removeEntry
                0x0000000002008b08       0xe0 /opt/devkitpro/libnds/lib/libfat.a(directory.o)
                0x0000000002008b08                _FAT_directory_removeEntry
 .text._FAT_directory_addEntry
                0x0000000002008be8      0x7e0 /opt/devkitpro/libnds/lib/libfat.a(directory.o)
                0x0000000002008be8                _FAT_directory_addEntry
 .text._FAT_directory_chdir
                0x00000000020093c8       0x44 /opt/devkitpro/libnds/lib/libfat.a(directory.o)
                0x00000000020093c8                _FAT_directory_chdir
 .text._FAT_directory_entryStat
                0x000000000200940c       0xdc /opt/devkitpro/libnds/lib/libfat.a(directory.o)
                0x000000000200940c                _FAT_directory_entryStat
 .text.isValidMBR
                0x00000000020094e8       0x5c /opt/devkitpro/libnds/lib/libfat.a(partition.o)
 .text._FAT_updateFS_INFO
                0x0000000002009544       0x54 /opt/devkitpro/libnds/lib/libfat.a(partition.o)
 .text._FAT_partition_createFSinfo.part.4
                0x0000000002009598       0x40 /opt/devkitpro/libnds/lib/libfat.a(partition.o)
 .text._FAT_partition_readFSinfo.part.5
                0x00000000020095d8       0x94 /opt/devkitpro/libnds/lib/libfat.a(partition.o)
 .text.FindFirstValidPartition_buf
                0x000000000200966c      0x11c /opt/devkitpro/libnds/lib/libfat.a(partition.o)
                0x000000000200966c                FindFirstValidPartition_buf
 .text._FAT_partition_constructor_buf
                0x0000000002009788      0x2d4 /opt/devkitpro/libnds/lib/libfat.a(partition.o)
                0x0000000002009788                _FAT_partition_constructor_buf
 .text._FAT_partition_constructor
                0x0000000002009a5c       0x40 /opt/devkitpro/libnds/lib/libfat.a(partition.o)
                0x0000000002009a5c                _FAT_partition_constructor
 .text._FAT_partition_getPartitionFromPath
                0x0000000002009a9c       0x14 /opt/devkitpro/libnds/lib/libfat.a(partition.o)
                0x0000000002009a9c                _FAT_partition_getPartitionFromPath
 .text._FAT_partition_readFSinfo
                0x0000000002009ab0       0x10 /opt/devkitpro/libnds/lib/libfat.a(partition.o)
                0x0000000002009ab0                _FAT_partition_readFSinfo
 .text._FAT_lock_init
                0x0000000002009ac0        0x4 /opt/devkitpro/libnds/lib/libfat.a(lock.o)
                0x0000000002009ac0                _FAT_lock_init
 .text._FAT_lock
                0x0000000002009ac4        0x4 /opt/devkitpro/libnds/lib/libfat.a(lock.o)
                0x0000000002009ac4                _FAT_lock
 .text._FAT_unlock
                0x0000000002009ac8        0x4 /opt/devkitpro/libnds/lib/libfat.a(lock.o)
                0x0000000002009ac8                _FAT_unlock
 .text._FAT_filetime_getTimeFromRTC
                0x0000000002009acc       0x44 /opt/devkitpro/libnds/lib/libfat.a(filetime.o)
                0x0000000002009acc                _FAT_filetime_getTimeFromRTC
 .text._FAT_filetime_getDateFromRTC
                0x0000000002009b10       0x44 /opt/devkitpro/libnds/lib/libfat.a(filetime.o)
                0x0000000002009b10                _FAT_filetime_getDateFromRTC
 .text._FAT_filetime_to_time_t
                0x0000000002009b54       0x38 /opt/devkitpro/libnds/lib/libfat.a(filetime.o)
                0x0000000002009b54                _FAT_filetime_to_time_t
 .text._FAT_fat_writeFatEntry.part.0
                0x0000000002009b8c      0x134 /opt/devkitpro/libnds/lib/libfat.a(file_allocation_table.o)
 .text._FAT_fat_nextCluster
                0x0000000002009cc0      0x104 /opt/devkitpro/libnds/lib/libfat.a(file_allocation_table.o)
                0x0000000002009cc0                _FAT_fat_nextCluster
 .text._FAT_fat_clearLinks.part.1
                0x0000000002009dc4       0x60 /opt/devkitpro/libnds/lib/libfat.a(file_allocation_table.o)
 .text._FAT_fat_linkFreeCluster
                0x0000000002009e24       0xa8 /opt/devkitpro/libnds/lib/libfat.a(file_allocation_table.o)
                0x0000000002009e24                _FAT_fat_linkFreeCluster
 .text._FAT_fat_linkFreeClusterCleared
                0x0000000002009ecc       0x68 /opt/devkitpro/libnds/lib/libfat.a(file_allocation_table.o)
                0x0000000002009ecc                _FAT_fat_linkFreeClusterCleared
 .text._FAT_fat_clearLinks
                0x0000000002009f34       0x18 /opt/devkitpro/libnds/lib/libfat.a(file_allocation_table.o)
                0x0000000002009f34                _FAT_fat_clearLinks
 .text._FAT_fat_trimChain
                0x0000000002009f4c       0xac /opt/devkitpro/libnds/lib/libfat.a(file_allocation_table.o)
                0x0000000002009f4c                _FAT_fat_trimChain
 .text._FAT_fat_lastCluster
                0x0000000002009ff8       0x34 /opt/devkitpro/libnds/lib/libfat.a(file_allocation_table.o)
                0x0000000002009ff8                _FAT_fat_lastCluster
 .text._FAT_fat_freeClusterCount
                0x000000000200a02c       0x2c /opt/devkitpro/libnds/lib/libfat.a(file_allocation_table.o)
                0x000000000200a02c                _FAT_fat_freeClusterCount
 .text.newRow   0x000000000200a058       0xb4 /opt/devkitpro/libnds/lib/libnds9.a(console.o)
 .text.consolePrintChar
                0x000000000200a10c       0xec /opt/devkitpro/libnds/lib/libnds9.a(console.o)
                0x000000000200a10c                consolePrintChar
 .text.consoleCls
                0x000000000200a1f8       0xe0 /opt/devkitpro/libnds/lib/libnds9.a(console.o)
 .text.consoleLoadFont
                0x000000000200a2d8      0x280 /opt/devkitpro/libnds/lib/libnds9.a(console.o)
                0x000000000200a2d8                consoleLoadFont
 .text.consoleInit
                0x000000000200a558      0x15c /opt/devkitpro/libnds/lib/libnds9.a(console.o)
                0x000000000200a558                consoleInit
 .text.consoleDemoInit
                0x000000000200a6b4       0x40 /opt/devkitpro/libnds/lib/libnds9.a(console.o)
                0x000000000200a6b4                consoleDemoInit
 .text.con_write
                0x000000000200a6f4      0x27c /opt/devkitpro/libnds/lib/libnds9.a(console.o)
                0x000000000200a6f4                con_write
 .text.dldiGetInternal
                0x000000000200a970       0x34 /opt/devkitpro/libnds/lib/libnds9.a(dldi.o)
                0x000000000200a970                dldiGetInternal
 .text.get_io_dsisd
                0x000000000200a9a4       0x24 /opt/devkitpro/libnds/lib/libnds9.a(dldi.o)
                0x000000000200a9a4                get_io_dsisd
 .text.initSystem
                0x000000000200a9c8      0x198 /opt/devkitpro/libnds/lib/libnds9.a(initSystem.o)
                0x000000000200a9c8                initSystem
 .text.__libnds_gtod
                0x000000000200ab60       0x28 /opt/devkitpro/libnds/lib/libnds9.a(timeSupport.o)
                0x000000000200ab60                __libnds_gtod
 .text.irqDummy
                0x000000000200ab88        0x4 /opt/devkitpro/libnds/lib/libnds9.a(interrupts.o)
                0x000000000200ab88                irqDummy
 .text.irqSet   0x000000000200ab8c       0x6c /opt/devkitpro/libnds/lib/libnds9.a(interrupts.o)
                0x000000000200ab8c                irqSet
 .text.irqInit  0x000000000200abf8       0x50 /opt/devkitpro/libnds/lib/libnds9.a(interrupts.o)
                0x000000000200abf8                irqInit
 .text.irqEnable
                0x000000000200ac48       0x64 /opt/devkitpro/libnds/lib/libnds9.a(interrupts.o)
                0x000000000200ac48                irqEnable
 .text.systemErrorExit
                0x000000000200acac        0x4 /opt/devkitpro/libnds/lib/libnds9.a(libnds_exit.arm.o)
                0x000000000200acac                systemErrorExit
 .text.__libnds_exit
                0x000000000200acb0       0x5c /opt/devkitpro/libnds/lib/libnds9.a(libnds_exit.arm.o)
                0x000000000200acb0                __libnds_exit
 .text.fifo_waitBlock
                0x000000000200ad0c       0x80 /opt/devkitpro/libnds/lib/libnds9.a(fifosystem.o)
 .text.fifo_queueBlock
                0x000000000200ad8c       0x40 /opt/devkitpro/libnds/lib/libnds9.a(fifosystem.o)
 .text.fifoInternalSendInterrupt
                0x000000000200adcc       0xac /opt/devkitpro/libnds/lib/libnds9.a(fifosystem.o)
 .text.fifoInternalSend.part.2
                0x000000000200ae78       0xd4 /opt/devkitpro/libnds/lib/libnds9.a(fifosystem.o)
 .text.fifoGetValue32.part.3
                0x000000000200af4c       0x74 /opt/devkitpro/libnds/lib/libnds9.a(fifosystem.o)
 .text.fifoSetValue32Handler
                0x000000000200afc0       0x78 /opt/devkitpro/libnds/lib/libnds9.a(fifosystem.o)
                0x000000000200afc0                fifoSetValue32Handler
 .text.fifoSendValue32
                0x000000000200b038       0x4c /opt/devkitpro/libnds/lib/libnds9.a(fifosystem.o)
                0x000000000200b038                fifoSendValue32
 .text.fifoSendDatamsg
                0x000000000200b084       0x90 /opt/devkitpro/libnds/lib/libnds9.a(fifosystem.o)
                0x000000000200b084                fifoSendDatamsg
 .text.fifoGetValue32
                0x000000000200b114       0x10 /opt/devkitpro/libnds/lib/libnds9.a(fifosystem.o)
                0x000000000200b114                fifoGetValue32
 .text.fifoGetDatamsg
                0x000000000200b124      0x138 /opt/devkitpro/libnds/lib/libnds9.a(fifosystem.o)
                0x000000000200b124                fifoGetDatamsg
 .text.fifoInternalRecvInterrupt
                0x000000000200b25c      0x3dc /opt/devkitpro/libnds/lib/libnds9.a(fifosystem.o)
 .text.fifoSetDatamsgHandler
                0x000000000200b638       0x9c /opt/devkitpro/libnds/lib/libnds9.a(fifosystem.o)
                0x000000000200b638                fifoSetDatamsgHandler
 .text.fifoCheckValue32
                0x000000000200b6d4       0x24 /opt/devkitpro/libnds/lib/libnds9.a(fifosystem.o)
                0x000000000200b6d4                fifoCheckValue32
 .text.fifoInit
                0x000000000200b6f8      0x104 /opt/devkitpro/libnds/lib/libnds9.a(fifosystem.o)
                0x000000000200b6f8                fifoInit
 .text.__libnds_mpu_setup
                0x000000000200b7fc      0x174 /opt/devkitpro/libnds/lib/libnds9.a(mpu_setup.o)
                0x000000000200b7fc                __libnds_mpu_setup
 .text.memUncached
                0x000000000200b970       0x20 /opt/devkitpro/libnds/lib/libnds9.a(mpu_setup.o)
                0x000000000200b970                memUncached
 .text.swiWaitForVBlank
                0x000000000200b990        0x8 /opt/devkitpro/libnds/lib/libnds9.a(IntrWait.o)
                0x000000000200b990                swiWaitForVBlank
 .text.swiIntrWait
                0x000000000200b998       0x70 /opt/devkitpro/libnds/lib/libnds9.a(IntrWait.o)
                0x000000000200b998                swiIntrWait
 .text.setCpuClock
                0x000000000200ba08       0x50 /opt/devkitpro/libnds/lib/libnds9.a(cpu_clock.o)
                0x000000000200ba08                setCpuClock
 .text.swiSoftReset
                0x000000000200ba58       0x2c /opt/devkitpro/libnds/lib/libnds9.a(swiSoftReset.o)
                0x000000000200ba58                swiSoftReset
 .text.checkIfText.part.0
                0x000000000200ba84       0x40 /opt/devkitpro/libnds/lib/libnds9.a(background.o)
 .text.bgUpdate
                0x000000000200bac4      0x104 /opt/devkitpro/libnds/lib/libnds9.a(background.o)
                0x000000000200bac4                bgUpdate
 .text.bgInit_call
                0x000000000200bbc8      0x110 /opt/devkitpro/libnds/lib/libnds9.a(background.o)
                0x000000000200bbc8                bgInit_call
 .text.bgInitSub_call
                0x000000000200bcd8       0xf4 /opt/devkitpro/libnds/lib/libnds9.a(background.o)
                0x000000000200bcd8                bgInitSub_call
 .text.vramDefault
                0x000000000200bdcc       0xd0 /opt/devkitpro/libnds/lib/libnds9.a(video.o)
                0x000000000200bdcc                vramDefault
 .text.systemValueHandler
                0x000000000200be9c       0x48 /opt/devkitpro/libnds/lib/libnds9.a(system.o)
                0x000000000200be9c                systemValueHandler
 .text.systemMsgHandler
                0x000000000200bee4       0x5c /opt/devkitpro/libnds/lib/libnds9.a(system.o)
                0x000000000200bee4                systemMsgHandler
 .text.powerOn  0x000000000200bf40       0x2c /opt/devkitpro/libnds/lib/libnds9.a(system.o)
                0x000000000200bf40                powerOn
 .text.sinLutLookup
                0x000000000200bf6c       0x3c /opt/devkitpro/libnds/lib/libnds9.a(trig.o)
                0x000000000200bf6c                sinLutLookup
 .text.sinLerp  0x000000000200bfa8       0x44 /opt/devkitpro/libnds/lib/libnds9.a(trig.o)
                0x000000000200bfa8                sinLerp
 .text.cosLerp  0x000000000200bfec       0x14 /opt/devkitpro/libnds/lib/libnds9.a(trig.o)
                0x000000000200bfec                cosLerp
 .text.DC_FlushRange
                0x000000000200c000       0x24 /opt/devkitpro/libnds/lib/libnds9.a(dcache.o)
                0x000000000200c000                DC_FlushRange
 .text.swiDelay
                0x000000000200c024        0x4 /opt/devkitpro/libnds/lib/libnds9.a(biosCalls.o)
                0x000000000200c024                swiDelay
 .text.__muldi3
                0x000000000200c028       0x60 /opt/devkitpro/devkitARM/lib/gcc/arm-none-eabi/8.1.0/thumb/libgcc.a(_muldi3.o)
                0x000000000200c028                __aeabi_lmul
                0x000000000200c028                __muldi3
 .text.__udivmoddi4
                0x000000000200c088      0x1a8 /opt/devkitpro/devkitARM/lib/gcc/arm-none-eabi/8.1.0/thumb/libgcc.a(_udivmoddi4.o)
                0x000000000200c088                __udivmoddi4
 .text.calloc   0x000000000200c230       0x18 /opt/devkitpro/devkitARM/lib/gcc/arm-none-eabi/8.1.0/../../../../arm-none-eabi/lib/thumb/libg.a(lib_a-calloc.o)
                0x000000000200c230                calloc
 .text._calloc_r
                0x000000000200c248       0x64 /opt/devkitpro/devkitARM/lib/gcc/arm-none-eabi/8.1.0/../../../../arm-none-eabi/lib/thumb/libg.a(lib_a-callocr.o)
                0x000000000200c248                _calloc_r
 .text._fclose_r
                0x000000000200c2ac       0xe4 /opt/devkitpro/devkitARM/lib/gcc/arm-none-eabi/8.1.0/../../../../arm-none-eabi/lib/thumb/libg.a(lib_a-fclose.o)
                0x000000000200c2ac                _fclose_r
 .text.fclose   0x000000000200c390       0x14 /opt/devkitpro/devkitARM/lib/gcc/arm-none-eabi/8.1.0/../../../../arm-none-eabi/lib/thumb/libg.a(lib_a-fclose.o)
                0x000000000200c390                fclose
 .text.__sflush_r
                0x000000000200c3a4      0x1b8 /opt/devkitpro/devkitARM/lib/gcc/arm-none-eabi/8.1.0/../../../../arm-none-eabi/lib/thumb/libg.a(lib_a-fflush.o)
                0x000000000200c3a4                __sflush_r
 .text._fflush_r
                0x000000000200c55c       0x70 /opt/devkitpro/devkitARM/lib/gcc/arm-none-eabi/8.1.0/../../../../arm-none-eabi/lib/thumb/libg.a(lib_a-fflush.o)
                0x000000000200c55c                _fflush_r
 .text.fflush   0x000000000200c5cc       0x2c /opt/devkitpro/devkitARM/lib/gcc/arm-none-eabi/8.1.0/../../../../arm-none-eabi/lib/thumb/libg.a(lib_a-fflush.o)
                0x000000000200c5cc                fflush
 .text.std      0x000000000200c5f8       0x54 /opt/devkitpro/devkitARM/lib/gcc/arm-none-eabi/8.1.0/../../../../arm-none-eabi/lib/thumb/libg.a(lib_a-findfp.o)
 .text._cleanup_r
                0x000000000200c64c       0x14 /opt/devkitpro/devkitARM/lib/gcc/arm-none-eabi/8.1.0/../../../../arm-none-eabi/lib/thumb/libg.a(lib_a-findfp.o)
                0x000000000200c64c                _cleanup_r
 .text.__sfmoreglue
                0x000000000200c660       0x34 /opt/devkitpro/devkitARM/lib/gcc/arm-none-eabi/8.1.0/../../../../arm-none-eabi/lib/thumb/libg.a(lib_a-findfp.o)
                0x000000000200c660                __sfmoreglue
 .text.__sinit  0x000000000200c694       0x64 /opt/devkitpro/devkitARM/lib/gcc/arm-none-eabi/8.1.0/../../../../arm-none-eabi/lib/thumb/libg.a(lib_a-findfp.o)
                0x000000000200c694                __sinit
 .text.__sfp    0x000000000200c6f8       0xb0 /opt/devkitpro/devkitARM/lib/gcc/arm-none-eabi/8.1.0/../../../../arm-none-eabi/lib/thumb/libg.a(lib_a-findfp.o)
                0x000000000200c6f8                __sfp
 .text.__sfp_lock_acquire
                0x000000000200c7a8       0x14 /opt/devkitpro/devkitARM/lib/gcc/arm-none-eabi/8.1.0/../../../../arm-none-eabi/lib/thumb/libg.a(lib_a-findfp.o)
                0x000000000200c7a8                __sfp_lock_acquire
 .text.__sfp_lock_release
                0x000000000200c7bc       0x14 /opt/devkitpro/devkitARM/lib/gcc/arm-none-eabi/8.1.0/../../../../arm-none-eabi/lib/thumb/libg.a(lib_a-findfp.o)
                0x000000000200c7bc                __sfp_lock_release
 .text._fopen_r
                0x000000000200c7d0       0xb8 /opt/devkitpro/devkitARM/lib/gcc/arm-none-eabi/8.1.0/../../../../arm-none-eabi/lib/thumb/libg.a(lib_a-fopen.o)
                0x000000000200c7d0                _fopen_r
 .text.fopen    0x000000000200c888       0x18 /opt/devkitpro/devkitARM/lib/gcc/arm-none-eabi/8.1.0/../../../../arm-none-eabi/lib/thumb/libg.a(lib_a-fopen.o)
                0x000000000200c888                fopen
 .text._fread_r
                0x000000000200c8a0      0x1f4 /opt/devkitpro/devkitARM/lib/gcc/arm-none-eabi/8.1.0/../../../../arm-none-eabi/lib/thumb/libg.a(lib_a-fread.o)
                0x000000000200c8a0                _fread_r
 .text.fread    0x000000000200ca94       0x24 /opt/devkitpro/devkitARM/lib/gcc/arm-none-eabi/8.1.0/../../../../arm-none-eabi/lib/thumb/libg.a(lib_a-fread.o)
                0x000000000200ca94                fread
 .text._malloc_trim_r
                0x000000000200cab8       0xa4 /opt/devkitpro/devkitARM/lib/gcc/arm-none-eabi/8.1.0/../../../../arm-none-eabi/lib/thumb/libg.a(lib_a-freer.o)
                0x000000000200cab8                _malloc_trim_r
 .text._free_r  0x000000000200cb5c      0x1e0 /opt/devkitpro/devkitARM/lib/gcc/arm-none-eabi/8.1.0/../../../../arm-none-eabi/lib/thumb/libg.a(lib_a-freer.o)
                0x000000000200cb5c                _free_r
 .text._fseek_r
                0x000000000200cd3c       0x18 /opt/devkitpro/devkitARM/lib/gcc/arm-none-eabi/8.1.0/../../../../arm-none-eabi/lib/thumb/libg.a(lib_a-fseek.o)
                0x000000000200cd3c                _fseek_r
 .text._fseeko_r
                0x000000000200cd54      0x488 /opt/devkitpro/devkitARM/lib/gcc/arm-none-eabi/8.1.0/../../../../arm-none-eabi/lib/thumb/libg.a(lib_a-fseeko.o)
                0x000000000200cd54                _fseeko_r
 .text._fwalk   0x000000000200d1dc       0x4c /opt/devkitpro/devkitARM/lib/gcc/arm-none-eabi/8.1.0/../../../../arm-none-eabi/lib/thumb/libg.a(lib_a-fwalk.o)
                0x000000000200d1dc                _fwalk
 .text._fwalk_reent
                0x000000000200d228       0x54 /opt/devkitpro/devkitARM/lib/gcc/arm-none-eabi/8.1.0/../../../../arm-none-eabi/lib/thumb/libg.a(lib_a-fwalk.o)
                0x000000000200d228                _fwalk_reent
 .text.__libc_init_array
                0x000000000200d27c       0x50 /opt/devkitpro/devkitARM/lib/gcc/arm-none-eabi/8.1.0/../../../../arm-none-eabi/lib/thumb/libg.a(lib_a-init.o)
                0x000000000200d27c                __libc_init_array
 .text.localtime_r
                0x000000000200d2cc      0x24c /opt/devkitpro/devkitARM/lib/gcc/arm-none-eabi/8.1.0/../../../../arm-none-eabi/lib/thumb/libg.a(lib_a-lcltime_r.o)
                0x000000000200d2cc                localtime_r
 .text.__locale_mb_cur_max
                0x000000000200d518       0x20 /opt/devkitpro/devkitARM/lib/gcc/arm-none-eabi/8.1.0/../../../../arm-none-eabi/lib/thumb/libg.a(lib_a-locale.o)
                0x000000000200d518                __locale_mb_cur_max
 .text.__locale_ctype_ptr_l
                0x000000000200d538        0x8 /opt/devkitpro/devkitARM/lib/gcc/arm-none-eabi/8.1.0/../../../../arm-none-eabi/lib/thumb/libg.a(lib_a-locale.o)
                0x000000000200d538                __locale_ctype_ptr_l
 .text.__locale_ctype_ptr
                0x000000000200d540       0x20 /opt/devkitpro/devkitARM/lib/gcc/arm-none-eabi/8.1.0/../../../../arm-none-eabi/lib/thumb/libg.a(lib_a-locale.o)
                0x000000000200d540                __locale_ctype_ptr
 .text.__swhatbuf_r
                0x000000000200d560       0x64 /opt/devkitpro/devkitARM/lib/gcc/arm-none-eabi/8.1.0/../../../../arm-none-eabi/lib/thumb/libg.a(lib_a-makebuf.o)
                0x000000000200d560                __swhatbuf_r
 .text.__smakebuf_r
                0x000000000200d5c4       0x98 /opt/devkitpro/devkitARM/lib/gcc/arm-none-eabi/8.1.0/../../../../arm-none-eabi/lib/thumb/libg.a(lib_a-makebuf.o)
                0x000000000200d5c4                __smakebuf_r
 .text.malloc   0x000000000200d65c       0x14 /opt/devkitpro/devkitARM/lib/gcc/arm-none-eabi/8.1.0/../../../../arm-none-eabi/lib/thumb/libg.a(lib_a-malloc.o)
                0x000000000200d65c                malloc
 .text.free     0x000000000200d670       0x14 /opt/devkitpro/devkitARM/lib/gcc/arm-none-eabi/8.1.0/../../../../arm-none-eabi/lib/thumb/libg.a(lib_a-malloc.o)
                0x000000000200d670                free
 .text._malloc_r
                0x000000000200d684      0x560 /opt/devkitpro/devkitARM/lib/gcc/arm-none-eabi/8.1.0/../../../../arm-none-eabi/lib/thumb/libg.a(lib_a-mallocr.o)
                0x000000000200d684                _malloc_r
 .text._mbrtowc_r
                0x000000000200dbe4       0x94 /opt/devkitpro/devkitARM/lib/gcc/arm-none-eabi/8.1.0/../../../../arm-none-eabi/lib/thumb/libg.a(lib_a-mbrtowc.o)
                0x000000000200dbe4                _mbrtowc_r
 .text.mbrtowc  0x000000000200dc78       0x94 /opt/devkitpro/devkitARM/lib/gcc/arm-none-eabi/8.1.0/../../../../arm-none-eabi/lib/thumb/libg.a(lib_a-mbrtowc.o)
                0x000000000200dc78                mbrtowc
 .text.mbsrtowcs
                0x000000000200dd0c       0x28 /opt/devkitpro/devkitARM/lib/gcc/arm-none-eabi/8.1.0/../../../../arm-none-eabi/lib/thumb/libg.a(lib_a-mbsrtowcs.o)
                0x000000000200dd0c                mbsrtowcs
 .text.__utf8_mbtowc
                0x000000000200dd34      0x294 /opt/devkitpro/devkitARM/lib/gcc/arm-none-eabi/8.1.0/../../../../arm-none-eabi/lib/thumb/libg.a(lib_a-mbtowc_r.o)
                0x000000000200dd34                __utf8_mbtowc
 .text.memcmp   0x000000000200dfc8       0x54 /opt/devkitpro/devkitARM/lib/gcc/arm-none-eabi/8.1.0/../../../../arm-none-eabi/lib/thumb/libg.a(lib_a-memcmp.o)
                0x000000000200dfc8                memcmp
 .text.memcpy   0x000000000200e01c       0x9c /opt/devkitpro/devkitARM/lib/gcc/arm-none-eabi/8.1.0/../../../../arm-none-eabi/lib/thumb/libg.a(lib_a-memcpy-stub.o)
                0x000000000200e01c                memcpy
 .text.memmove  0x000000000200e0b8       0xb0 /opt/devkitpro/devkitARM/lib/gcc/arm-none-eabi/8.1.0/../../../../arm-none-eabi/lib/thumb/libg.a(lib_a-memmove.o)
                0x000000000200e0b8                memmove
 .text.memset   0x000000000200e168       0xb0 /opt/devkitpro/devkitARM/lib/gcc/arm-none-eabi/8.1.0/../../../../arm-none-eabi/lib/thumb/libg.a(lib_a-memset.o)
                0x000000000200e168                memset
 .text.validate_structure
                0x000000000200e218      0x1e0 /opt/devkitpro/devkitARM/lib/gcc/arm-none-eabi/8.1.0/../../../../arm-none-eabi/lib/thumb/libg.a(lib_a-mktime.o)
 .text.mktime   0x000000000200e3f8      0x44c /opt/devkitpro/devkitARM/lib/gcc/arm-none-eabi/8.1.0/../../../../arm-none-eabi/lib/thumb/libg.a(lib_a-mktime.o)
                0x000000000200e3f8                mktime
 .text.__malloc_lock
                0x000000000200e844       0x14 /opt/devkitpro/devkitARM/lib/gcc/arm-none-eabi/8.1.0/../../../../arm-none-eabi/lib/thumb/libg.a(lib_a-mlock.o)
                0x000000000200e844                __malloc_lock
 .text.__malloc_unlock
                0x000000000200e858       0x14 /opt/devkitpro/devkitARM/lib/gcc/arm-none-eabi/8.1.0/../../../../arm-none-eabi/lib/thumb/libg.a(lib_a-mlock.o)
                0x000000000200e858                __malloc_unlock
 .text.printf   0x000000000200e86c       0x24 /opt/devkitpro/devkitARM/lib/gcc/arm-none-eabi/8.1.0/../../../../arm-none-eabi/lib/thumb/libg.a(lib_a-printf.o)
                0x000000000200e86c                printf
 .text._puts_r  0x000000000200e890       0x84 /opt/devkitpro/devkitARM/lib/gcc/arm-none-eabi/8.1.0/../../../../arm-none-eabi/lib/thumb/libg.a(lib_a-puts.o)
                0x000000000200e890                _puts_r
 .text.puts     0x000000000200e914       0x14 /opt/devkitpro/devkitARM/lib/gcc/arm-none-eabi/8.1.0/../../../../arm-none-eabi/lib/thumb/libg.a(lib_a-puts.o)
                0x000000000200e914                puts
 .text.lflush   0x000000000200e928       0x20 /opt/devkitpro/devkitARM/lib/gcc/arm-none-eabi/8.1.0/../../../../arm-none-eabi/lib/thumb/libg.a(lib_a-refill.o)
 .text.__srefill_r
                0x000000000200e948      0x110 /opt/devkitpro/devkitARM/lib/gcc/arm-none-eabi/8.1.0/../../../../arm-none-eabi/lib/thumb/libg.a(lib_a-refill.o)
                0x000000000200e948                __srefill_r
 .text.setvbuf  0x000000000200ea58      0x1a0 /opt/devkitpro/devkitARM/lib/gcc/arm-none-eabi/8.1.0/../../../../arm-none-eabi/lib/thumb/libg.a(lib_a-setvbuf.o)
                0x000000000200ea58                setvbuf
 .text.siscanf  0x000000000200ebf8       0x4c /opt/devkitpro/devkitARM/lib/gcc/arm-none-eabi/8.1.0/../../../../arm-none-eabi/lib/thumb/libg.a(lib_a-siscanf.o)
                0x000000000200ebf8                siscanf
 .text.__sread  0x000000000200ec44       0x34 /opt/devkitpro/devkitARM/lib/gcc/arm-none-eabi/8.1.0/../../../../arm-none-eabi/lib/thumb/libg.a(lib_a-stdio.o)
                0x000000000200ec44                __sread
 .text.__seofread
                0x000000000200ec78        0x4 /opt/devkitpro/devkitARM/lib/gcc/arm-none-eabi/8.1.0/../../../../arm-none-eabi/lib/thumb/libg.a(lib_a-stdio.o)
                0x000000000200ec78                __seofread
 .text.__swrite
                0x000000000200ec7c       0x4c /opt/devkitpro/devkitARM/lib/gcc/arm-none-eabi/8.1.0/../../../../arm-none-eabi/lib/thumb/libg.a(lib_a-stdio.o)
                0x000000000200ec7c                __swrite
 .text.__sseek  0x000000000200ecc8       0x40 /opt/devkitpro/devkitARM/lib/gcc/arm-none-eabi/8.1.0/../../../../arm-none-eabi/lib/thumb/libg.a(lib_a-stdio.o)
                0x000000000200ecc8                __sseek
 .text.__sclose
                0x000000000200ed08       0x10 /opt/devkitpro/devkitARM/lib/gcc/arm-none-eabi/8.1.0/../../../../arm-none-eabi/lib/thumb/libg.a(lib_a-stdio.o)
                0x000000000200ed08                __sclose
 .text.stpcpy   0x000000000200ed18       0x4c /opt/devkitpro/devkitARM/lib/gcc/arm-none-eabi/8.1.0/../../../../arm-none-eabi/lib/thumb/libg.a(lib_a-stpcpy.o)
                0x000000000200ed18                stpcpy
 .text.strchr   0x000000000200ed64       0xd8 /opt/devkitpro/devkitARM/lib/gcc/arm-none-eabi/8.1.0/../../../../arm-none-eabi/lib/thumb/libg.a(lib_a-strchr.o)
                0x000000000200ed64                strchr
 .text.strcpy   0x000000000200ee3c       0x10 /opt/devkitpro/devkitARM/lib/gcc/arm-none-eabi/8.1.0/../../../../arm-none-eabi/lib/thumb/libg.a(lib_a-strcpy.o)
                0x000000000200ee3c                strcpy
 .text.strlen   0x000000000200ee4c       0x6c /opt/devkitpro/devkitARM/lib/gcc/arm-none-eabi/8.1.0/../../../../arm-none-eabi/lib/thumb/libg.a(lib_a-strlen-stub.o)
                0x000000000200ee4c                strlen
 .text.strncasecmp
                0x000000000200eeb8       0x68 /opt/devkitpro/devkitARM/lib/gcc/arm-none-eabi/8.1.0/../../../../arm-none-eabi/lib/thumb/libg.a(lib_a-strncasecmp.o)
                0x000000000200eeb8                strncasecmp
 .text.strncmp  0x000000000200ef20       0x90 /opt/devkitpro/devkitARM/lib/gcc/arm-none-eabi/8.1.0/../../../../arm-none-eabi/lib/thumb/libg.a(lib_a-strncmp.o)
                0x000000000200ef20                strncmp
 .text.strncpy  0x000000000200efb0       0x84 /opt/devkitpro/devkitARM/lib/gcc/arm-none-eabi/8.1.0/../../../../arm-none-eabi/lib/thumb/libg.a(lib_a-strncpy.o)
                0x000000000200efb0                strncpy
 .text.strnlen  0x000000000200f034       0x30 /opt/devkitpro/devkitARM/lib/gcc/arm-none-eabi/8.1.0/../../../../arm-none-eabi/lib/thumb/libg.a(lib_a-strnlen.o)
                0x000000000200f034                strnlen
 .text.strpbrk  0x000000000200f064       0x4c /opt/devkitpro/devkitARM/lib/gcc/arm-none-eabi/8.1.0/../../../../arm-none-eabi/lib/thumb/libg.a(lib_a-strpbrk.o)
                0x000000000200f064                strpbrk
 .text.strrchr  0x000000000200f0b0       0x2c /opt/devkitpro/devkitARM/lib/gcc/arm-none-eabi/8.1.0/../../../../arm-none-eabi/lib/thumb/libg.a(lib_a-strrchr.o)
                0x000000000200f0b0                strrchr
 .text._strtol_l.isra.0
                0x000000000200f0dc      0x15c /opt/devkitpro/devkitARM/lib/gcc/arm-none-eabi/8.1.0/../../../../arm-none-eabi/lib/thumb/libg.a(lib_a-strtol.o)
 .text._strtol_r
                0x000000000200f238       0x34 /opt/devkitpro/devkitARM/lib/gcc/arm-none-eabi/8.1.0/../../../../arm-none-eabi/lib/thumb/libg.a(lib_a-strtol.o)
                0x000000000200f238                _strtol_r
 .text.get_arg  0x000000000200f26c       0x24 /opt/devkitpro/devkitARM/lib/gcc/arm-none-eabi/8.1.0/../../../../arm-none-eabi/lib/thumb/libg.a(lib_a-svfiscanf.o)
 .text._sungetc_r
                0x000000000200f290       0x7e /opt/devkitpro/devkitARM/lib/gcc/arm-none-eabi/8.1.0/../../../../arm-none-eabi/lib/thumb/libg.a(lib_a-svfiscanf.o)
                0x000000000200f290                _sungetc_r
 .text.__ssrefill_r
                0x000000000200f30e       0x42 /opt/devkitpro/devkitARM/lib/gcc/arm-none-eabi/8.1.0/../../../../arm-none-eabi/lib/thumb/libg.a(lib_a-svfiscanf.o)
                0x000000000200f30e                __ssrefill_r
 .text._sfread_r
                0x000000000200f350       0x8a /opt/devkitpro/devkitARM/lib/gcc/arm-none-eabi/8.1.0/../../../../arm-none-eabi/lib/thumb/libg.a(lib_a-svfiscanf.o)
                0x000000000200f350                _sfread_r
 *fill*         0x000000000200f3da        0x2 ff
 .text.__ssvfiscanf_r
                0x000000000200f3dc     0x1b1c /opt/devkitpro/devkitARM/lib/gcc/arm-none-eabi/8.1.0/../../../../arm-none-eabi/lib/thumb/libg.a(lib_a-svfiscanf.o)
                0x000000000200f3dc                __ssvfiscanf_r
 .text.time     0x0000000002010ef8       0x34 /opt/devkitpro/devkitARM/lib/gcc/arm-none-eabi/8.1.0/../../../../arm-none-eabi/lib/thumb/libg.a(lib_a-time.o)
                0x0000000002010ef8                time
 .text.towlower
                0x0000000002010f2c      0x6c4 /opt/devkitpro/devkitARM/lib/gcc/arm-none-eabi/8.1.0/../../../../arm-none-eabi/lib/thumb/libg.a(lib_a-towlower.o)
                0x0000000002010f2c                towlower
 .text.towupper
                0x00000000020115f0      0x74c /opt/devkitpro/devkitARM/lib/gcc/arm-none-eabi/8.1.0/../../../../arm-none-eabi/lib/thumb/libg.a(lib_a-towupper.o)
                0x00000000020115f0                towupper
 .text.__tzcalc_limits
                0x0000000002011d3c      0x1ac /opt/devkitpro/devkitARM/lib/gcc/arm-none-eabi/8.1.0/../../../../arm-none-eabi/lib/thumb/libg.a(lib_a-tzcalc_limits.o)
                0x0000000002011d3c                __tzcalc_limits
 .text.__tz_lock
                0x0000000002011ee8       0x14 /opt/devkitpro/devkitARM/lib/gcc/arm-none-eabi/8.1.0/../../../../arm-none-eabi/lib/thumb/libg.a(lib_a-tzlock.o)
                0x0000000002011ee8                __tz_lock
 .text.__tz_unlock
                0x0000000002011efc       0x14 /opt/devkitpro/devkitARM/lib/gcc/arm-none-eabi/8.1.0/../../../../arm-none-eabi/lib/thumb/libg.a(lib_a-tzlock.o)
                0x0000000002011efc                __tz_unlock
 .text._tzset_unlocked
                0x0000000002011f10       0x10 /opt/devkitpro/devkitARM/lib/gcc/arm-none-eabi/8.1.0/../../../../arm-none-eabi/lib/thumb/libg.a(lib_a-tzset.o)
                0x0000000002011f10                _tzset_unlocked
 .text._tzset_unlocked_r
                0x0000000002011f20      0x368 /opt/devkitpro/devkitARM/lib/gcc/arm-none-eabi/8.1.0/../../../../arm-none-eabi/lib/thumb/libg.a(lib_a-tzset_r.o)
                0x0000000002011f20                _tzset_unlocked_r
 .text.__submore
                0x0000000002012288       0x88 /opt/devkitpro/devkitARM/lib/gcc/arm-none-eabi/8.1.0/../../../../arm-none-eabi/lib/thumb/libg.a(lib_a-ungetc.o)
                0x0000000002012288                __submore
 .text.__sprint_r
                0x0000000002012310       0x20 /opt/devkitpro/devkitARM/lib/gcc/arm-none-eabi/8.1.0/../../../../arm-none-eabi/lib/thumb/libg.a(lib_a-vfiprintf.o)
                0x0000000002012310                __sprint_r
 .text.get_arg  0x0000000002012330      0x3c8 /opt/devkitpro/devkitARM/lib/gcc/arm-none-eabi/8.1.0/../../../../arm-none-eabi/lib/thumb/libg.a(lib_a-vfprintf.o)
 .text._vfprintf_r
                0x00000000020126f8     0x24e0 /opt/devkitpro/devkitARM/lib/gcc/arm-none-eabi/8.1.0/../../../../arm-none-eabi/lib/thumb/libg.a(lib_a-vfprintf.o)
                0x00000000020126f8                _vfprintf_r
 .text.__sbprintf
                0x0000000002014bd8       0x8c /opt/devkitpro/devkitARM/lib/gcc/arm-none-eabi/8.1.0/../../../../arm-none-eabi/lib/thumb/libg.a(lib_a-vfprintf.o)
 .text._wcrtomb_r
                0x0000000002014c64       0x84 /opt/devkitpro/devkitARM/lib/gcc/arm-none-eabi/8.1.0/../../../../arm-none-eabi/lib/thumb/libg.a(lib_a-wcrtomb.o)
                0x0000000002014c64                _wcrtomb_r
 .text.wcrtomb  0x0000000002014ce8       0x88 /opt/devkitpro/devkitARM/lib/gcc/arm-none-eabi/8.1.0/../../../../arm-none-eabi/lib/thumb/libg.a(lib_a-wcrtomb.o)
                0x0000000002014ce8                wcrtomb
 .text._wcsrtombs_r
                0x0000000002014d70       0x1c /opt/devkitpro/devkitARM/lib/gcc/arm-none-eabi/8.1.0/../../../../arm-none-eabi/lib/thumb/libg.a(lib_a-wcsrtombs.o)
                0x0000000002014d70                _wcsrtombs_r
 .text.wctob    0x0000000002014d8c       0x58 /opt/devkitpro/devkitARM/lib/gcc/arm-none-eabi/8.1.0/../../../../arm-none-eabi/lib/thumb/libg.a(lib_a-wctob.o)
                0x0000000002014d8c                wctob
 .text.__utf8_wctomb
                0x0000000002014de4       0xbc /opt/devkitpro/devkitARM/lib/gcc/arm-none-eabi/8.1.0/../../../../arm-none-eabi/lib/thumb/libg.a(lib_a-wctomb_r.o)
                0x0000000002014de4                __utf8_wctomb
 .text.__swsetup_r
                0x0000000002014ea0       0xe0 /opt/devkitpro/devkitARM/lib/gcc/arm-none-eabi/8.1.0/../../../../arm-none-eabi/lib/thumb/libg.a(lib_a-wsetup.o)
                0x0000000002014ea0                __swsetup_r
 .text.div      0x0000000002014f80       0x34 /opt/devkitpro/devkitARM/lib/gcc/arm-none-eabi/8.1.0/../../../../arm-none-eabi/lib/thumb/libg.a(lib_a-div.o)
                0x0000000002014f80                div
 .text.quorem   0x0000000002014fb4      0x15c /opt/devkitpro/devkitARM/lib/gcc/arm-none-eabi/8.1.0/../../../../arm-none-eabi/lib/thumb/libg.a(lib_a-dtoa.o)
 .text._dtoa_r  0x0000000002015110      0xfd8 /opt/devkitpro/devkitARM/lib/gcc/arm-none-eabi/8.1.0/../../../../arm-none-eabi/lib/thumb/libg.a(lib_a-dtoa.o)
                0x0000000002015110                _dtoa_r
 .text.__sflags
                0x00000000020160e8       0xa0 /opt/devkitpro/devkitARM/lib/gcc/arm-none-eabi/8.1.0/../../../../arm-none-eabi/lib/thumb/libg.a(lib_a-flags.o)
                0x00000000020160e8                __sflags
 .text.__sfvwrite_r
                0x0000000002016188      0x348 /opt/devkitpro/devkitARM/lib/gcc/arm-none-eabi/8.1.0/../../../../arm-none-eabi/lib/thumb/libg.a(lib_a-fvwrite.o)
                0x0000000002016188                __sfvwrite_r
 .text._findenv_r
                0x00000000020164d0       0x94 /opt/devkitpro/devkitARM/lib/gcc/arm-none-eabi/8.1.0/../../../../arm-none-eabi/lib/thumb/libg.a(lib_a-getenv_r.o)
                0x00000000020164d0                _findenv_r
 .text._getenv_r
                0x0000000002016564       0x10 /opt/devkitpro/devkitARM/lib/gcc/arm-none-eabi/8.1.0/../../../../arm-none-eabi/lib/thumb/libg.a(lib_a-getenv_r.o)
                0x0000000002016564                _getenv_r
 .text.__gettzinfo
                0x0000000002016574        0x8 /opt/devkitpro/devkitARM/lib/gcc/arm-none-eabi/8.1.0/../../../../arm-none-eabi/lib/thumb/libg.a(lib_a-gettzinfo.o)
                0x0000000002016574                __gettzinfo
 .text.gmtime_r
                0x000000000201657c      0x1d4 /opt/devkitpro/devkitARM/lib/gcc/arm-none-eabi/8.1.0/../../../../arm-none-eabi/lib/thumb/libg.a(lib_a-gmtime_r.o)
                0x000000000201657c                gmtime_r
 .text.iswspace
                0x0000000002016750       0x78 /opt/devkitpro/devkitARM/lib/gcc/arm-none-eabi/8.1.0/../../../../arm-none-eabi/lib/thumb/libg.a(lib_a-iswspace.o)
                0x0000000002016750                iswspace
 .text.__jp2uc  0x00000000020167c8      0x190 /opt/devkitpro/devkitARM/lib/gcc/arm-none-eabi/8.1.0/../../../../arm-none-eabi/lib/thumb/libg.a(lib_a-jp2uc.o)
 .text._jp2uc   0x0000000002016958       0x8c /opt/devkitpro/devkitARM/lib/gcc/arm-none-eabi/8.1.0/../../../../arm-none-eabi/lib/thumb/libg.a(lib_a-jp2uc.o)
                0x0000000002016958                _jp2uc
 .text._localeconv_r
                0x00000000020169e4       0x1c /opt/devkitpro/devkitARM/lib/gcc/arm-none-eabi/8.1.0/../../../../arm-none-eabi/lib/thumb/libg.a(lib_a-localeconv.o)
                0x00000000020169e4                _localeconv_r
 .text._mbsnrtowcs_r
                0x0000000002016a00       0xc0 /opt/devkitpro/devkitARM/lib/gcc/arm-none-eabi/8.1.0/../../../../arm-none-eabi/lib/thumb/libg.a(lib_a-mbsnrtowcs.o)
                0x0000000002016a00                _mbsnrtowcs_r
 .text.memchr   0x0000000002016ac0       0x84 /opt/devkitpro/devkitARM/lib/gcc/arm-none-eabi/8.1.0/../../../../arm-none-eabi/lib/thumb/libg.a(lib_a-memchr-stub.o)
                0x0000000002016ac0                memchr
 .text._Balloc  0x0000000002016b44       0x54 /opt/devkitpro/devkitARM/lib/gcc/arm-none-eabi/8.1.0/../../../../arm-none-eabi/lib/thumb/libg.a(lib_a-mprec.o)
                0x0000000002016b44                _Balloc
 .text._Bfree   0x0000000002016b98       0x14 /opt/devkitpro/devkitARM/lib/gcc/arm-none-eabi/8.1.0/../../../../arm-none-eabi/lib/thumb/libg.a(lib_a-mprec.o)
                0x0000000002016b98                _Bfree
 .text.__multadd
                0x0000000002016bac       0xa0 /opt/devkitpro/devkitARM/lib/gcc/arm-none-eabi/8.1.0/../../../../arm-none-eabi/lib/thumb/libg.a(lib_a-mprec.o)
                0x0000000002016bac                __multadd
 .text.__hi0bits
                0x0000000002016c4c       0x38 /opt/devkitpro/devkitARM/lib/gcc/arm-none-eabi/8.1.0/../../../../arm-none-eabi/lib/thumb/libg.a(lib_a-mprec.o)
                0x0000000002016c4c                __hi0bits
 .text.__lo0bits
                0x0000000002016c84       0x5c /opt/devkitpro/devkitARM/lib/gcc/arm-none-eabi/8.1.0/../../../../arm-none-eabi/lib/thumb/libg.a(lib_a-mprec.o)
                0x0000000002016c84                __lo0bits
 .text.__i2b    0x0000000002016ce0       0x18 /opt/devkitpro/devkitARM/lib/gcc/arm-none-eabi/8.1.0/../../../../arm-none-eabi/lib/thumb/libg.a(lib_a-mprec.o)
                0x0000000002016ce0                __i2b
 .text.__multiply
                0x0000000002016cf8      0x17c /opt/devkitpro/devkitARM/lib/gcc/arm-none-eabi/8.1.0/../../../../arm-none-eabi/lib/thumb/libg.a(lib_a-mprec.o)
                0x0000000002016cf8                __multiply
 .text.__pow5mult
                0x0000000002016e74       0xc0 /opt/devkitpro/devkitARM/lib/gcc/arm-none-eabi/8.1.0/../../../../arm-none-eabi/lib/thumb/libg.a(lib_a-mprec.o)
                0x0000000002016e74                __pow5mult
 .text.__lshift
                0x0000000002016f34       0xd0 /opt/devkitpro/devkitARM/lib/gcc/arm-none-eabi/8.1.0/../../../../arm-none-eabi/lib/thumb/libg.a(lib_a-mprec.o)
                0x0000000002016f34                __lshift
 .text.__mcmp   0x0000000002017004       0x38 /opt/devkitpro/devkitARM/lib/gcc/arm-none-eabi/8.1.0/../../../../arm-none-eabi/lib/thumb/libg.a(lib_a-mprec.o)
                0x0000000002017004                __mcmp
 .text.__mdiff  0x000000000201703c      0x11c /opt/devkitpro/devkitARM/lib/gcc/arm-none-eabi/8.1.0/../../../../arm-none-eabi/lib/thumb/libg.a(lib_a-mprec.o)
                0x000000000201703c                __mdiff
 .text.__d2b    0x0000000002017158       0xc0 /opt/devkitpro/devkitARM/lib/gcc/arm-none-eabi/8.1.0/../../../../arm-none-eabi/lib/thumb/libg.a(lib_a-mprec.o)
                0x0000000002017158                __d2b
 .text.realloc  0x0000000002017218       0x18 /opt/devkitpro/devkitARM/lib/gcc/arm-none-eabi/8.1.0/../../../../arm-none-eabi/lib/thumb/libg.a(lib_a-realloc.o)
                0x0000000002017218                realloc
 .text._realloc_r
                0x0000000002017230      0x370 /opt/devkitpro/devkitARM/lib/gcc/arm-none-eabi/8.1.0/../../../../arm-none-eabi/lib/thumb/libg.a(lib_a-reallocr.o)
                0x0000000002017230                _realloc_r
 .text.__sccl   0x00000000020175a0       0x78 /opt/devkitpro/devkitARM/lib/gcc/arm-none-eabi/8.1.0/../../../../arm-none-eabi/lib/thumb/libg.a(lib_a-sccl.o)
                0x00000000020175a0                __sccl
 .text.frexp    0x0000000002017618       0x68 /opt/devkitpro/devkitARM/lib/gcc/arm-none-eabi/8.1.0/../../../../arm-none-eabi/lib/thumb/libg.a(lib_a-s_frexp.o)
                0x0000000002017618                frexp
 .text._strtoll_l.isra.0
                0x0000000002017680      0x1c4 /opt/devkitpro/devkitARM/lib/gcc/arm-none-eabi/8.1.0/../../../../arm-none-eabi/lib/thumb/libg.a(lib_a-strtoll.o)
 .text._strtoll_r
                0x0000000002017844       0x34 /opt/devkitpro/devkitARM/lib/gcc/arm-none-eabi/8.1.0/../../../../arm-none-eabi/lib/thumb/libg.a(lib_a-strtoll.o)
                0x0000000002017844                _strtoll_r
 .text._strtoull_l.isra.0
                0x0000000002017878      0x1d4 /opt/devkitpro/devkitARM/lib/gcc/arm-none-eabi/8.1.0/../../../../arm-none-eabi/lib/thumb/libg.a(lib_a-strtoull.o)
 .text._strtoull_r
                0x0000000002017a4c       0x34 /opt/devkitpro/devkitARM/lib/gcc/arm-none-eabi/8.1.0/../../../../arm-none-eabi/lib/thumb/libg.a(lib_a-strtoull.o)
                0x0000000002017a4c                _strtoull_r
 .text._strtoul_l.isra.0
                0x0000000002017a80      0x14c /opt/devkitpro/devkitARM/lib/gcc/arm-none-eabi/8.1.0/../../../../arm-none-eabi/lib/thumb/libg.a(lib_a-strtoul.o)
 .text._strtoul_r
                0x0000000002017bcc       0x34 /opt/devkitpro/devkitARM/lib/gcc/arm-none-eabi/8.1.0/../../../../arm-none-eabi/lib/thumb/libg.a(lib_a-strtoul.o)
                0x0000000002017bcc                _strtoul_r
 .text.strtoul  0x0000000002017c00       0x38 /opt/devkitpro/devkitARM/lib/gcc/arm-none-eabi/8.1.0/../../../../arm-none-eabi/lib/thumb/libg.a(lib_a-strtoul.o)
                0x0000000002017c00                strtoul
 .text._wcsnrtombs_l
                0x0000000002017c38      0x134 /opt/devkitpro/devkitARM/lib/gcc/arm-none-eabi/8.1.0/../../../../arm-none-eabi/lib/thumb/libg.a(lib_a-wcsnrtombs.o)
                0x0000000002017c38                _wcsnrtombs_l
 .text._wcsnrtombs_r
                0x0000000002017d6c       0x40 /opt/devkitpro/devkitARM/lib/gcc/arm-none-eabi/8.1.0/../../../../arm-none-eabi/lib/thumb/libg.a(lib_a-wcsnrtombs.o)
                0x0000000002017d6c                _wcsnrtombs_r
 .text.__env_lock
                0x0000000002017dac       0x14 /opt/devkitpro/devkitARM/lib/gcc/arm-none-eabi/8.1.0/../../../../arm-none-eabi/lib/thumb/libg.a(lib_a-envlock.o)
                0x0000000002017dac                __env_lock
 .text.__env_unlock
                0x0000000002017dc0       0x14 /opt/devkitpro/devkitARM/lib/gcc/arm-none-eabi/8.1.0/../../../../arm-none-eabi/lib/thumb/libg.a(lib_a-envlock.o)
                0x0000000002017dc0                __env_unlock
 .text.null_write
                0x0000000002017dd4        0x4 /opt/devkitpro/devkitARM/lib/gcc/arm-none-eabi/8.1.0/../../../../arm-none-eabi/lib/thumb/libsysbase.a(iosupport.o)
 .text.setDefaultDevice
                0x0000000002017dd8       0x10 /opt/devkitpro/devkitARM/lib/gcc/arm-none-eabi/8.1.0/../../../../arm-none-eabi/lib/thumb/libsysbase.a(iosupport.o)
                0x0000000002017dd8                setDefaultDevice
 .text.FindDevice
                0x0000000002017de8       0x94 /opt/devkitpro/devkitARM/lib/gcc/arm-none-eabi/8.1.0/../../../../arm-none-eabi/lib/thumb/libsysbase.a(iosupport.o)
                0x0000000002017de8                FindDevice
 .text.AddDevice
                0x0000000002017e7c       0x7c /opt/devkitpro/devkitARM/lib/gcc/arm-none-eabi/8.1.0/../../../../arm-none-eabi/lib/thumb/libsysbase.a(iosupport.o)
                0x0000000002017e7c                AddDevice
 .text.GetDeviceOpTab
                0x0000000002017ef8       0x20 /opt/devkitpro/devkitARM/lib/gcc/arm-none-eabi/8.1.0/../../../../arm-none-eabi/lib/thumb/libsysbase.a(iosupport.o)
                0x0000000002017ef8                GetDeviceOpTab
 .text._close_r
                0x0000000002017f18       0x5c /opt/devkitpro/devkitARM/lib/gcc/arm-none-eabi/8.1.0/../../../../arm-none-eabi/lib/thumb/libsysbase.a(close.o)
                0x0000000002017f18                _close_r
 .text._fstat_r
                0x0000000002017f74       0x4c /opt/devkitpro/devkitARM/lib/gcc/arm-none-eabi/8.1.0/../../../../arm-none-eabi/lib/thumb/libsysbase.a(fstat.o)
                0x0000000002017f74                _fstat_r
 .text._gettimeofday_r
                0x0000000002017fc0       0x28 /opt/devkitpro/devkitARM/lib/gcc/arm-none-eabi/8.1.0/../../../../arm-none-eabi/lib/thumb/libsysbase.a(gettod.o)
                0x0000000002017fc0                _gettimeofday_r
 .text._isatty_r
                0x0000000002017fe8        0x4 /opt/devkitpro/devkitARM/lib/gcc/arm-none-eabi/8.1.0/../../../../arm-none-eabi/lib/thumb/libsysbase.a(isatty.o)
                0x0000000002017fe8                _isatty_r
 .text._lseek_r
                0x0000000002017fec       0x5c /opt/devkitpro/devkitARM/lib/gcc/arm-none-eabi/8.1.0/../../../../arm-none-eabi/lib/thumb/libsysbase.a(lseek.o)
                0x0000000002017fec                _lseek_r
 .text._open_r  0x0000000002018048       0x94 /opt/devkitpro/devkitARM/lib/gcc/arm-none-eabi/8.1.0/../../../../arm-none-eabi/lib/thumb/libsysbase.a(open.o)
                0x0000000002018048                _open_r
 .text._read_r  0x00000000020180dc       0x50 /opt/devkitpro/devkitARM/lib/gcc/arm-none-eabi/8.1.0/../../../../arm-none-eabi/lib/thumb/libsysbase.a(read.o)
                0x00000000020180dc                _read_r
 .text._sbrk_r  0x000000000201812c       0x54 /opt/devkitpro/devkitARM/lib/gcc/arm-none-eabi/8.1.0/../../../../arm-none-eabi/lib/thumb/libsysbase.a(sbrk.o)
                0x000000000201812c                _sbrk_r
 .text._write_r
                0x0000000002018180       0x50 /opt/devkitpro/devkitARM/lib/gcc/arm-none-eabi/8.1.0/../../../../arm-none-eabi/lib/thumb/libsysbase.a(write.o)
                0x0000000002018180                _write_r
 .text._concatenate_path
                0x00000000020181d0      0x130 /opt/devkitpro/devkitARM/lib/gcc/arm-none-eabi/8.1.0/../../../../arm-none-eabi/lib/thumb/libsysbase.a(chdir.o)
                0x00000000020181d0                _concatenate_path
 .text.chdir    0x0000000002018300       0xfc /opt/devkitpro/devkitARM/lib/gcc/arm-none-eabi/8.1.0/../../../../arm-none-eabi/lib/thumb/libsysbase.a(chdir.o)
                0x0000000002018300                chdir
 .text.build_argv
                0x00000000020183fc       0x4c /opt/devkitpro/devkitARM/lib/gcc/arm-none-eabi/8.1.0/../../../../arm-none-eabi/lib/thumb/libsysbase.a(build_argv.o)
                0x00000000020183fc                build_argv
 .text.__flockfile
                0x0000000002018448       0x10 /opt/devkitpro/devkitARM/lib/gcc/arm-none-eabi/8.1.0/../../../../arm-none-eabi/lib/thumb/libsysbase.a(flock.o)
                0x0000000002018448                __flockfile
 .text.__funlockfile
                0x0000000002018458       0x10 /opt/devkitpro/devkitARM/lib/gcc/arm-none-eabi/8.1.0/../../../../arm-none-eabi/lib/thumb/libsysbase.a(flock.o)
                0x0000000002018458                __funlockfile
 .text.__libc_lock_acquire
                0x0000000002018468       0x1c /opt/devkitpro/devkitARM/lib/gcc/arm-none-eabi/8.1.0/../../../../arm-none-eabi/lib/thumb/libsysbase.a(syscall_support.o)
                0x0000000002018468                __libc_lock_acquire
 .text.__libc_lock_release
                0x0000000002018484       0x1c /opt/devkitpro/devkitARM/lib/gcc/arm-none-eabi/8.1.0/../../../../arm-none-eabi/lib/thumb/libsysbase.a(syscall_support.o)
                0x0000000002018484                __libc_lock_release
 .text.__libc_lock_init_recursive
                0x00000000020184a0       0x1c /opt/devkitpro/devkitARM/lib/gcc/arm-none-eabi/8.1.0/../../../../arm-none-eabi/lib/thumb/libsysbase.a(syscall_support.o)
                0x00000000020184a0                __libc_lock_init_recursive
 .text.__libc_lock_acquire_recursive
                0x00000000020184bc       0x1c /opt/devkitpro/devkitARM/lib/gcc/arm-none-eabi/8.1.0/../../../../arm-none-eabi/lib/thumb/libsysbase.a(syscall_support.o)
                0x00000000020184bc                __libc_lock_acquire_recursive
 .text.__libc_lock_release_recursive
                0x00000000020184d8       0x1c /opt/devkitpro/devkitARM/lib/gcc/arm-none-eabi/8.1.0/../../../../arm-none-eabi/lib/thumb/libsysbase.a(syscall_support.o)
                0x00000000020184d8                __libc_lock_release_recursive
 .text.__libc_lock_close_recursive
                0x00000000020184f4       0x1c /opt/devkitpro/devkitARM/lib/gcc/arm-none-eabi/8.1.0/../../../../arm-none-eabi/lib/thumb/libsysbase.a(syscall_support.o)
                0x00000000020184f4                __libc_lock_close_recursive
 .text.__release_handle
                0x0000000002018510       0x6c /opt/devkitpro/devkitARM/lib/gcc/arm-none-eabi/8.1.0/../../../../arm-none-eabi/lib/thumb/libsysbase.a(handle_manager.o)
                0x0000000002018510                __release_handle
 .text.__alloc_handle
                0x000000000201857c       0x80 /opt/devkitpro/devkitARM/lib/gcc/arm-none-eabi/8.1.0/../../../../arm-none-eabi/lib/thumb/libsysbase.a(handle_manager.o)
                0x000000000201857c                __alloc_handle
 .text.__get_handle
                0x00000000020185fc       0x1c /opt/devkitpro/devkitARM/lib/gcc/arm-none-eabi/8.1.0/../../../../arm-none-eabi/lib/thumb/libsysbase.a(handle_manager.o)
                0x00000000020185fc                __get_handle
 .text.__getreent
                0x0000000002018618       0x28 /opt/devkitpro/devkitARM/lib/gcc/arm-none-eabi/8.1.0/../../../../arm-none-eabi/lib/thumb/libsysbase.a(getreent.o)
                0x0000000002018618                __getreent
 .text.__errno  0x0000000002018640        0xc /opt/devkitpro/devkitARM/lib/gcc/arm-none-eabi/8.1.0/../../../../arm-none-eabi/lib/thumb/libg.a(lib_a-errno.o)
                0x0000000002018640                __errno
 *fill*         0x000000000201864c        0x4 ff
 .text.__errno.__stub
                0x0000000002018650      0x100 linker stubs
 *(EXCLUDE_FILE(*.twl*) .gnu.warning)
 *(EXCLUDE_FILE(*.twl*) .gnu.linkonce.t*)
 *(.glue_7)
 .glue_7        0x0000000002018760        0x0 linker stubs
 *(.glue_7t)
 .glue_7t       0x0000000002018760        0x0 linker stubs
                0x0000000002018760                . = ALIGN (0x4)

.vfp11_veneer   0x0000000002018760        0x0
 .vfp11_veneer  0x0000000002018760        0x0 linker stubs

.v4_bx          0x0000000002018760        0x0
 .v4_bx         0x0000000002018760        0x0 linker stubs

.iplt           0x0000000002018760        0x0
 .iplt          0x0000000002018760        0x0 /opt/devkitpro/devkitARM/lib/gcc/arm-none-eabi/8.1.0/../../../../arm-none-eabi/lib/thumb/ds_arm9_crt0.o

.fini           0x0000000002018760        0xc
 *(.fini)
 .fini          0x0000000002018760        0x4 /opt/devkitpro/devkitARM/lib/gcc/arm-none-eabi/8.1.0/thumb/crti.o
                0x0000000002018760                _fini
 .fini          0x0000000002018764        0x8 /opt/devkitpro/devkitARM/lib/gcc/arm-none-eabi/8.1.0/thumb/crtn.o
                0x000000000201876c                __text_end = .

.rodata         0x0000000002018770     0x7090
 *(EXCLUDE_FILE(*.twl*) .rodata)
 .rodata        0x0000000002018770     0x2004 /opt/devkitpro/libnds/lib/libnds9.a(default_font.bin.o)
                0x0000000002018770                default_font_bin
                0x000000000201a770                default_font_bin_end
                0x000000000201a770                default_font_bin_size
 *all.rodata*(*)
 *(EXCLUDE_FILE(*.twl*) .roda)
 *(EXCLUDE_FILE(*.twl*) .rodata.*)
 .rodata.str1.4
                0x000000000201a774       0xf5 main.o
 *fill*         0x000000000201a869        0x3 ff
 .rodata.dotab_fat
                0x000000000201a86c       0x68 /opt/devkitpro/libnds/lib/libfat.a(libfat.o)
 .rodata.fatInit.str1.4
                0x000000000201a8d4        0x3 /opt/devkitpro/libnds/lib/libfat.a(libfat.o)
 *fill*         0x000000000201a8d7        0x1 ff
 .rodata.fatMount.str1.4
                0x000000000201a8d8        0x2 /opt/devkitpro/libnds/lib/libfat.a(libfat.o)
 *fill*         0x000000000201a8da        0x2 ff
 .rodata.str1.4
                0x000000000201a8dc        0x4 /opt/devkitpro/libnds/lib/libfat.a(libfat.o)
 .rodata._FAT_disc_interfaces
                0x000000000201a8e0       0x18 /opt/devkitpro/libnds/lib/libfat.a(disc.o)
                0x000000000201a8e0                _FAT_disc_interfaces
 .rodata.str1.4
                0x000000000201a8f8        0x3 /opt/devkitpro/libnds/lib/libfat.a(disc.o)
                                          0x8 (size before relaxing)
 *fill*         0x000000000201a8fb        0x1 ff
 .rodata.ILLEGAL_ALIAS_CHARACTERS
                0x000000000201a8fc       0x12 /opt/devkitpro/libnds/lib/libfat.a(directory.o)
 *fill*         0x000000000201a90e        0x2 ff
 .rodata.ILLEGAL_LFN_CHARACTERS
                0x000000000201a910        0xa /opt/devkitpro/libnds/lib/libfat.a(directory.o)
 *fill*         0x000000000201a91a        0x2 ff
 .rodata.LFN_offset_table
                0x000000000201a91c       0x34 /opt/devkitpro/libnds/lib/libfat.a(directory.o)
 .rodata._FAT_directory_entryFromPath.str1.4
                0x000000000201a950        0x2 /opt/devkitpro/libnds/lib/libfat.a(directory.o)
                                          0x7 (size before relaxing)
 *fill*         0x000000000201a952        0x2 ff
 .rodata.FAT_SIG
                0x000000000201a954        0x3 /opt/devkitpro/libnds/lib/libfat.a(partition.o)
 *fill*         0x000000000201a957        0x1 ff
 .rodata.FS_INFO_SIG1
                0x000000000201a958        0x4 /opt/devkitpro/libnds/lib/libfat.a(partition.o)
 .rodata.FS_INFO_SIG2
                0x000000000201a95c        0x4 /opt/devkitpro/libnds/lib/libfat.a(partition.o)
 .rodata.FS_TWL_SIG
                0x000000000201a960        0x8 /opt/devkitpro/libnds/lib/libfat.a(partition.o)
 .rodata.con_write
                0x000000000201a968       0xd4 /opt/devkitpro/libnds/lib/libnds9.a(console.o)
 .rodata.con_write.str1.4
                0x000000000201aa3c       0x30 /opt/devkitpro/libnds/lib/libnds9.a(console.o)
 .rodata.dotab_stdout
                0x000000000201aa6c       0x70 /opt/devkitpro/libnds/lib/libnds9.a(console.o)
 .rodata.str1.4
                0x000000000201aadc       0x14 /opt/devkitpro/libnds/lib/libnds9.a(console.o)
 .rodata.SIN_LUT
                0x000000000201aaf0      0x102 /opt/devkitpro/libnds/lib/libnds9.a(trig.o)
                0x000000000201aaf0                SIN_LUT
 *fill*         0x000000000201abf2        0x2 ff
 .rodata._global_impure_ptr
                0x000000000201abf4        0x4 /opt/devkitpro/devkitARM/lib/gcc/arm-none-eabi/8.1.0/../../../../arm-none-eabi/lib/thumb/libg.a(lib_a-impure.o)
                0x000000000201abf4                _global_impure_ptr
 .rodata.str1.4
                0x000000000201abf8       0x44 /opt/devkitpro/devkitARM/lib/gcc/arm-none-eabi/8.1.0/../../../../arm-none-eabi/lib/thumb/libg.a(lib_a-locale.o)
                                         0x4c (size before relaxing)
 .rodata._mbrtowc_r.str1.4
                0x000000000201ac3c        0x1 /opt/devkitpro/devkitARM/lib/gcc/arm-none-eabi/8.1.0/../../../../arm-none-eabi/lib/thumb/libg.a(lib_a-mbrtowc.o)
 .rodata.DAYS_IN_MONTH
                0x000000000201ac3c       0x30 /opt/devkitpro/devkitARM/lib/gcc/arm-none-eabi/8.1.0/../../../../arm-none-eabi/lib/thumb/libg.a(lib_a-mktime.o)
 .rodata._DAYS_BEFORE_MONTH
                0x000000000201ac6c       0x30 /opt/devkitpro/devkitARM/lib/gcc/arm-none-eabi/8.1.0/../../../../arm-none-eabi/lib/thumb/libg.a(lib_a-mktime.o)
 .rodata.__month_lengths
                0x000000000201ac9c       0x60 /opt/devkitpro/devkitARM/lib/gcc/arm-none-eabi/8.1.0/../../../../arm-none-eabi/lib/thumb/libg.a(lib_a-month_lengths.o)
                0x000000000201ac9c                __month_lengths
 .rodata._puts_r.str1.4
                0x000000000201acfc       0x44 /opt/devkitpro/devkitARM/lib/gcc/arm-none-eabi/8.1.0/../../../../arm-none-eabi/lib/thumb/libg.a(lib_a-puts.o)
                                          0x2 (size before relaxing)
 .rodata.basefix.6948
                0x000000000201acfc       0x22 /opt/devkitpro/devkitARM/lib/gcc/arm-none-eabi/8.1.0/../../../../arm-none-eabi/lib/thumb/libg.a(lib_a-svfiscanf.o)
 *fill*         0x000000000201ad1e        0x2 ff
 .rodata.towlower
                0x000000000201ad20      0x788 /opt/devkitpro/devkitARM/lib/gcc/arm-none-eabi/8.1.0/../../../../arm-none-eabi/lib/thumb/libg.a(lib_a-towlower.o)
 .rodata.towupper
                0x000000000201b4a8      0x93c /opt/devkitpro/devkitARM/lib/gcc/arm-none-eabi/8.1.0/../../../../arm-none-eabi/lib/thumb/libg.a(lib_a-towupper.o)
 .rodata._tzset_unlocked_r.str1.4
                0x000000000201bde4       0x53 /opt/devkitpro/devkitARM/lib/gcc/arm-none-eabi/8.1.0/../../../../arm-none-eabi/lib/thumb/libg.a(lib_a-tzset_r.o)
 .rodata.str1.4
                0x000000000201be37        0x4 /opt/devkitpro/devkitARM/lib/gcc/arm-none-eabi/8.1.0/../../../../arm-none-eabi/lib/thumb/libg.a(lib_a-tzvars.o)
 .rodata._vfprintf_r.str1.1
                0x000000000201be37       0x3b /opt/devkitpro/devkitARM/lib/gcc/arm-none-eabi/8.1.0/../../../../arm-none-eabi/lib/thumb/libg.a(lib_a-vfprintf.o)
 *fill*         0x000000000201be72        0x2 ff
 .rodata.blanks.7413
                0x000000000201be74       0x10 /opt/devkitpro/devkitARM/lib/gcc/arm-none-eabi/8.1.0/../../../../arm-none-eabi/lib/thumb/libg.a(lib_a-vfprintf.o)
 .rodata.zeroes.7414
                0x000000000201be84       0x10 /opt/devkitpro/devkitARM/lib/gcc/arm-none-eabi/8.1.0/../../../../arm-none-eabi/lib/thumb/libg.a(lib_a-vfprintf.o)
 .rodata._ctype_
                0x000000000201be94      0x101 /opt/devkitpro/devkitARM/lib/gcc/arm-none-eabi/8.1.0/../../../../arm-none-eabi/lib/thumb/libg.a(lib_a-ctype_.o)
                0x000000000201be94                _ctype_
 *fill*         0x000000000201bf95        0x3 ff
 .rodata._dtoa_r.str1.4
                0x000000000201bf98       0x12 /opt/devkitpro/devkitARM/lib/gcc/arm-none-eabi/8.1.0/../../../../arm-none-eabi/lib/thumb/libg.a(lib_a-dtoa.o)
 *fill*         0x000000000201bfaa        0x2 ff
 .rodata.__jp2uc
                0x000000000201bfac       0x20 /opt/devkitpro/devkitARM/lib/gcc/arm-none-eabi/8.1.0/../../../../arm-none-eabi/lib/thumb/libg.a(lib_a-jp2uc.o)
 .rodata._jp2uc.str1.4
                0x000000000201bfcc       0x12 /opt/devkitpro/devkitARM/lib/gcc/arm-none-eabi/8.1.0/../../../../arm-none-eabi/lib/thumb/libg.a(lib_a-jp2uc.o)
 *fill*         0x000000000201bfde        0x2 ff
 .rodata.a1     0x000000000201bfe0       0xbc /opt/devkitpro/devkitARM/lib/gcc/arm-none-eabi/8.1.0/../../../../arm-none-eabi/lib/thumb/libg.a(lib_a-jp2uc.o)
 .rodata.a2     0x000000000201c09c       0xbc /opt/devkitpro/devkitARM/lib/gcc/arm-none-eabi/8.1.0/../../../../arm-none-eabi/lib/thumb/libg.a(lib_a-jp2uc.o)
 .rodata.a3     0x000000000201c158       0x5b /opt/devkitpro/devkitARM/lib/gcc/arm-none-eabi/8.1.0/../../../../arm-none-eabi/lib/thumb/libg.a(lib_a-jp2uc.o)
 *fill*         0x000000000201c1b3        0x1 ff
 .rodata.a6     0x000000000201c1b4       0x70 /opt/devkitpro/devkitARM/lib/gcc/arm-none-eabi/8.1.0/../../../../arm-none-eabi/lib/thumb/libg.a(lib_a-jp2uc.o)
 .rodata.a7     0x000000000201c224       0xa2 /opt/devkitpro/devkitARM/lib/gcc/arm-none-eabi/8.1.0/../../../../arm-none-eabi/lib/thumb/libg.a(lib_a-jp2uc.o)
 *fill*         0x000000000201c2c6        0x2 ff
 .rodata.a8     0x000000000201c2c8       0x40 /opt/devkitpro/devkitARM/lib/gcc/arm-none-eabi/8.1.0/../../../../arm-none-eabi/lib/thumb/libg.a(lib_a-jp2uc.o)
 .rodata.b02cf  0x000000000201c308     0x172a /opt/devkitpro/devkitARM/lib/gcc/arm-none-eabi/8.1.0/../../../../arm-none-eabi/lib/thumb/libg.a(lib_a-jp2uc.o)
 *fill*         0x000000000201da32        0x2 ff
 .rodata.d02f4  0x000000000201da34     0x1a7c /opt/devkitpro/devkitARM/lib/gcc/arm-none-eabi/8.1.0/../../../../arm-none-eabi/lib/thumb/libg.a(lib_a-jp2uc.o)
 .rodata.__mprec_bigtens
                0x000000000201f4b0       0x28 /opt/devkitpro/devkitARM/lib/gcc/arm-none-eabi/8.1.0/../../../../arm-none-eabi/lib/thumb/libg.a(lib_a-mprec.o)
                0x000000000201f4b0                __mprec_bigtens
 .rodata.__mprec_tens
                0x000000000201f4d8       0xc8 /opt/devkitpro/devkitARM/lib/gcc/arm-none-eabi/8.1.0/../../../../arm-none-eabi/lib/thumb/libg.a(lib_a-mprec.o)
                0x000000000201f4d8                __mprec_tens
 .rodata.p05.6166
                0x000000000201f5a0        0xc /opt/devkitpro/devkitARM/lib/gcc/arm-none-eabi/8.1.0/../../../../arm-none-eabi/lib/thumb/libg.a(lib_a-mprec.o)
 .rodata.__action_table
                0x000000000201f5ac       0x6c /opt/devkitpro/devkitARM/lib/gcc/arm-none-eabi/8.1.0/../../../../arm-none-eabi/lib/thumb/libg.a(lib_a-svfiprintf.o)
                0x000000000201f5ac                __action_table
 .rodata.__chclass
                0x000000000201f618      0x100 /opt/devkitpro/devkitARM/lib/gcc/arm-none-eabi/8.1.0/../../../../arm-none-eabi/lib/thumb/libg.a(lib_a-svfiprintf.o)
                0x000000000201f618                __chclass
 .rodata.__state_table
                0x000000000201f718       0x6c /opt/devkitpro/devkitARM/lib/gcc/arm-none-eabi/8.1.0/../../../../arm-none-eabi/lib/thumb/libg.a(lib_a-svfiprintf.o)
                0x000000000201f718                __state_table
 .rodata.AddDevice.str1.4
                0x000000000201f784        0x8 /opt/devkitpro/devkitARM/lib/gcc/arm-none-eabi/8.1.0/../../../../arm-none-eabi/lib/thumb/libsysbase.a(iosupport.o)
 .rodata.dotab_stdnull
                0x000000000201f78c       0x70 /opt/devkitpro/devkitARM/lib/gcc/arm-none-eabi/8.1.0/../../../../arm-none-eabi/lib/thumb/libsysbase.a(iosupport.o)
                0x000000000201f78c                dotab_stdnull
 .rodata.DIRECTORY_PARENT
                0x000000000201f7fc        0x3 /opt/devkitpro/devkitARM/lib/gcc/arm-none-eabi/8.1.0/../../../../arm-none-eabi/lib/thumb/libsysbase.a(chdir.o)
                0x000000000201f7fc                DIRECTORY_PARENT
 *(EXCLUDE_FILE(*.twl*) .gnu.linkonce.r*)
                0x000000000201f800                . = ALIGN (0x4)
 *fill*         0x000000000201f7ff        0x1 ff

.ARM.extab
 *(.ARM.extab* .gnu.linkonce.armextab.*)
                0x000000000201f800                __exidx_start = .

ARM.exidx
 *(.ARM.exidx* .gnu.linkonce.armexidx.*)
                0x000000000201f800                __exidx_end = .
                0x000000000201f800                . = ALIGN (0x4)
                0x000000000201f800                PROVIDE (__preinit_array_start = .)

.preinit_array
 *(.preinit_array)
                0x000000000201f800                PROVIDE (__preinit_array_end = .)
                0x000000000201f800                PROVIDE (__init_array_start = .)

.init_array     0x000000000201f800        0x4
 *(SORT_BY_NAME(.init_array.*))
 *(.init_array)
 .init_array    0x000000000201f800        0x4 /opt/devkitpro/devkitARM/lib/gcc/arm-none-eabi/8.1.0/thumb/crtbegin.o
                0x000000000201f804                PROVIDE (__init_array_end = .)
                [!provide]                        PROVIDE (__fini_array_start = .)

.fini_array     0x000000000201f804        0x4
 *(.fini_array)
 .fini_array    0x000000000201f804        0x4 /opt/devkitpro/devkitARM/lib/gcc/arm-none-eabi/8.1.0/thumb/crtbegin.o
 *(SORT_BY_NAME(.fini_array.*))
                [!provide]                        PROVIDE (__fini_array_end = .)

.ctors          0x000000000201f808        0x0
 *crtbegin.o(.ctors)
 *(EXCLUDE_FILE(*crtend.o) .ctors)
 *(SORT_BY_NAME(.ctors.*))
 *(.ctors)
                0x000000000201f808                . = ALIGN (0x4)

.dtors          0x000000000201f808        0x0
 *crtbegin.o(.dtors)
 *(EXCLUDE_FILE(*crtend.o) .dtors)
 *(SORT_BY_NAME(.dtors.*))
 *(.dtors)
                0x000000000201f808                . = ALIGN (0x4)

.eh_frame       0x000000000201f808        0x4
 *(.eh_frame)
 .eh_frame      0x000000000201f808        0x0 /opt/devkitpro/devkitARM/lib/gcc/arm-none-eabi/8.1.0/thumb/crtbegin.o
 .eh_frame      0x000000000201f808        0x4 /opt/devkitpro/devkitARM/lib/gcc/arm-none-eabi/8.1.0/thumb/crtend.o
                0x000000000201f80c                . = ALIGN (0x4)

.gcc_except_table
                0x000000000201f80c        0x0
 *(.gcc_except_table)
                0x000000000201f80c                . = ALIGN (0x4)

.jcr
 *(.jcr)

.got
 *(.got.plt)
 *(.got)
 *(.rel.got)

.ewram          0x000000000201f80c        0x0
                0x000000000201f80c                __ewram_start = ABSOLUTE (.)
 *(.ewram)
 *ewram.*(.text)
                0x000000000201f80c                . = ALIGN (0x4)

.data           0x000000000201f80c     0x2be8
                0x000000000201f80c                __data_start = ABSOLUTE (.)
 *(EXCLUDE_FILE(*.twl*) .data)
 .data          0x000000000201f80c       0x28 /opt/devkitpro/libnds/lib/libnds9.a(mpu_setup.o)
 *(EXCLUDE_FILE(*.twl*) .data.*)
 .data.currentConsole
                0x000000000201f834        0x4 /opt/devkitpro/libnds/lib/libnds9.a(console.o)
                0x000000000201f834                currentConsole
 .data.defaultConsole
                0x000000000201f838       0x5c /opt/devkitpro/libnds/lib/libnds9.a(console.o)
                0x000000000201f838                defaultConsole
 .data.firstConsoleInit.6769
                0x000000000201f894        0x1 /opt/devkitpro/libnds/lib/libnds9.a(console.o)
 *fill*         0x000000000201f895        0x3 ff
 .data.fifo_buffer_free
                0x000000000201f898        0x4 /opt/devkitpro/libnds/lib/libnds9.a(fifosystem.o)
                0x000000000201f898                fifo_buffer_free
 .data.fifo_freewords
                0x000000000201f89c        0x4 /opt/devkitpro/libnds/lib/libnds9.a(fifosystem.o)
                0x000000000201f89c                fifo_freewords
 .data.fifo_receive_queue
                0x000000000201f8a0        0x4 /opt/devkitpro/libnds/lib/libnds9.a(fifosystem.o)
                0x000000000201f8a0                fifo_receive_queue
 .data.fifo_send_queue
                0x000000000201f8a4        0x4 /opt/devkitpro/libnds/lib/libnds9.a(fifosystem.o)
                0x000000000201f8a4                fifo_send_queue
 .data.bgControl
                0x000000000201f8a8       0x20 /opt/devkitpro/libnds/lib/libnds9.a(background.o)
                0x000000000201f8a8                bgControl
 .data.bgScrollTable
                0x000000000201f8c8       0x20 /opt/devkitpro/libnds/lib/libnds9.a(background.o)
                0x000000000201f8c8                bgScrollTable
 .data.bgTransform
                0x000000000201f8e8       0x20 /opt/devkitpro/libnds/lib/libnds9.a(background.o)
                0x000000000201f8e8                bgTransform
 .data.__sfp_recursive_mutex
                0x000000000201f908        0xc /opt/devkitpro/devkitARM/lib/gcc/arm-none-eabi/8.1.0/../../../../arm-none-eabi/lib/thumb/libg.a(lib_a-findfp.o)
 .data.__sinit_recursive_mutex
                0x000000000201f914        0xc /opt/devkitpro/devkitARM/lib/gcc/arm-none-eabi/8.1.0/../../../../arm-none-eabi/lib/thumb/libg.a(lib_a-findfp.o)
 .data._impure_ptr
                0x000000000201f920        0x4 /opt/devkitpro/devkitARM/lib/gcc/arm-none-eabi/8.1.0/../../../../arm-none-eabi/lib/thumb/libg.a(lib_a-impure.o)
                0x000000000201f920                _impure_ptr
 *fill*         0x000000000201f924        0x4 ff
 .data.impure_data
                0x000000000201f928      0x460 /opt/devkitpro/devkitARM/lib/gcc/arm-none-eabi/8.1.0/../../../../arm-none-eabi/lib/thumb/libg.a(lib_a-impure.o)
 .data.__global_locale
                0x000000000201fd88      0x16c /opt/devkitpro/devkitARM/lib/gcc/arm-none-eabi/8.1.0/../../../../arm-none-eabi/lib/thumb/libg.a(lib_a-locale.o)
                0x000000000201fd88                __global_locale
 .data.__malloc_av_
                0x000000000201fef4      0x408 /opt/devkitpro/devkitARM/lib/gcc/arm-none-eabi/8.1.0/../../../../arm-none-eabi/lib/thumb/libg.a(lib_a-mallocr.o)
                0x000000000201fef4                __malloc_av_
 .data.__malloc_sbrk_base
                0x00000000020202fc        0x4 /opt/devkitpro/devkitARM/lib/gcc/arm-none-eabi/8.1.0/../../../../arm-none-eabi/lib/thumb/libg.a(lib_a-mallocr.o)
                0x00000000020202fc                __malloc_sbrk_base
 .data.__malloc_trim_threshold
                0x0000000002020300        0x4 /opt/devkitpro/devkitARM/lib/gcc/arm-none-eabi/8.1.0/../../../../arm-none-eabi/lib/thumb/libg.a(lib_a-mallocr.o)
                0x0000000002020300                __malloc_trim_threshold
 .data.__malloc_recursive_mutex
                0x0000000002020304        0xc /opt/devkitpro/devkitARM/lib/gcc/arm-none-eabi/8.1.0/../../../../arm-none-eabi/lib/thumb/libg.a(lib_a-mlock.o)
 .data.__tz_mutex
                0x0000000002020310        0x4 /opt/devkitpro/devkitARM/lib/gcc/arm-none-eabi/8.1.0/../../../../arm-none-eabi/lib/thumb/libg.a(lib_a-tzlock.o)
 .data._tzname  0x0000000002020314        0x8 /opt/devkitpro/devkitARM/lib/gcc/arm-none-eabi/8.1.0/../../../../arm-none-eabi/lib/thumb/libg.a(lib_a-tzvars.o)
                0x0000000002020314                _tzname
 *fill*         0x000000000202031c        0x4 ff
 .data.tzinfo   0x0000000002020320       0x58 /opt/devkitpro/devkitARM/lib/gcc/arm-none-eabi/8.1.0/../../../../arm-none-eabi/lib/thumb/libg.a(lib_a-gettzinfo.o)
 .data.environ  0x0000000002020378        0x4 /opt/devkitpro/devkitARM/lib/gcc/arm-none-eabi/8.1.0/../../../../arm-none-eabi/lib/thumb/libg.a(lib_a-environ.o)
                0x0000000002020378                environ
 .data.__env_recursive_mutex
                0x000000000202037c        0xc /opt/devkitpro/devkitARM/lib/gcc/arm-none-eabi/8.1.0/../../../../arm-none-eabi/lib/thumb/libg.a(lib_a-envlock.o)
 .data.defaultDevice
                0x0000000002020388        0x4 /opt/devkitpro/devkitARM/lib/gcc/arm-none-eabi/8.1.0/../../../../arm-none-eabi/lib/thumb/libsysbase.a(iosupport.o)
 .data.devoptab_list
                0x000000000202038c       0x40 /opt/devkitpro/devkitARM/lib/gcc/arm-none-eabi/8.1.0/../../../../arm-none-eabi/lib/thumb/libsysbase.a(iosupport.o)
                0x000000000202038c                devoptab_list
 .data._current_working_directory
                0x00000000020203cc     0x1000 /opt/devkitpro/devkitARM/lib/gcc/arm-none-eabi/8.1.0/../../../../arm-none-eabi/lib/thumb/libsysbase.a(chdir.o)
 .data.__hndl_lock
                0x00000000020213cc        0x4 /opt/devkitpro/devkitARM/lib/gcc/arm-none-eabi/8.1.0/../../../../arm-none-eabi/lib/thumb/libsysbase.a(handle_manager.o)
 .data.__stderr_handle
                0x00000000020213d0        0xc /opt/devkitpro/devkitARM/lib/gcc/arm-none-eabi/8.1.0/../../../../arm-none-eabi/lib/thumb/libsysbase.a(handle_manager.o)
 .data.__stdin_handle
                0x00000000020213dc        0xc /opt/devkitpro/devkitARM/lib/gcc/arm-none-eabi/8.1.0/../../../../arm-none-eabi/lib/thumb/libsysbase.a(handle_manager.o)
 .data.__stdout_handle
                0x00000000020213e8        0xc /opt/devkitpro/devkitARM/lib/gcc/arm-none-eabi/8.1.0/../../../../arm-none-eabi/lib/thumb/libsysbase.a(handle_manager.o)
 .data.handles  0x00000000020213f4     0x1000 /opt/devkitpro/devkitARM/lib/gcc/arm-none-eabi/8.1.0/../../../../arm-none-eabi/lib/thumb/libsysbase.a(handle_manager.o)
 *(EXCLUDE_FILE(*.twl*) .gnu.linkonce.d*)
                0x00000000020223f4                . = ALIGN (0x4)
                0x00000000020223f4                __data_end = ABSOLUTE (.)
                0x00000000020223f4                __bss_vma = .

.igot.plt       0x00000000020223f4        0x0
 .igot.plt      0x00000000020223f4        0x0 /opt/devkitpro/devkitARM/lib/gcc/arm-none-eabi/8.1.0/../../../../arm-none-eabi/lib/thumb/ds_arm9_crt0.o

.tm_clone_table
                0x00000000020223f4        0x0
 .tm_clone_table
                0x00000000020223f4        0x0 /opt/devkitpro/devkitARM/lib/gcc/arm-none-eabi/8.1.0/thumb/crtbegin.o
 .tm_clone_table
                0x00000000020223f4        0x0 /opt/devkitpro/devkitARM/lib/gcc/arm-none-eabi/8.1.0/thumb/crtend.o

.dtcm           0x000000000b000000        0x0 load address 0x00000000020223f4
                0x00000000020223f4                __dtcm_lma = LOADADDR (.dtcm)
                0x000000000b000000                __dtcm_start = ABSOLUTE (.)
 *(.dtcm)
 *(.dtcm.*)
                0x000000000b000000                . = ALIGN (0x4)
                0x000000000b000000                __dtcm_end = ABSOLUTE (.)

.itcm           0x0000000001000100      0x194 load address 0x00000000020223f4
                0x00000000020223f4                __itcm_lma = LOADADDR (.itcm)
                0x0000000001000100                __itcm_start = ABSOLUTE (.)
 *(.itcm)
 .itcm          0x0000000001000100       0xc8 /opt/devkitpro/libnds/lib/libnds9.a(interrupts.o)
                0x0000000001000100                irqTable
 .itcm          0x00000000010001c8       0xcc /opt/devkitpro/libnds/lib/libnds9.a(interruptDispatcher.o)
                0x00000000010001c8                IntrMain
 *.itcm*(.text .stub .text.*)
                0x0000000001000294                . = ALIGN (0x4)
                0x0000000001000294                __itcm_end = ABSOLUTE (.)

.vectors        0x0000000001000000        0x0 load address 0x0000000002022588
                0x0000000002022588                __vectors_lma = LOADADDR (.vectors)
                0x0000000001000000                __vectors_start = ABSOLUTE (.)
 *(.vectors .vectors.*)
                0x0000000001000000                . = ALIGN (0x4)
                0x0000000001000000                __vectors_end = ABSOLUTE (.)

.sbss           0x000000000b000000        0x0
                0x000000000b000000                __sbss_start = ABSOLUTE (.)
                0x000000000b000000                __sbss_start__ = ABSOLUTE (.)
 *(.sbss)
                0x000000000b000000                . = ALIGN (0x4)
                0x000000000b000000                __sbss_end = ABSOLUTE (.)

.bss            0x00000000020223f4     0x1cc4
                0x00000000020223f4                __bss_start = ABSOLUTE (.)
                0x00000000020223f4                __bss_start__ = ABSOLUTE (.)
 *(EXCLUDE_FILE(*.twl*) .dynbss)
 *(EXCLUDE_FILE(*.twl*) .gnu.linkonce.b*)
 *(EXCLUDE_FILE(*.twl*) .bss*)
 .bss.completed.9040
                0x00000000020223f4        0x1 /opt/devkitpro/devkitARM/lib/gcc/arm-none-eabi/8.1.0/thumb/crtbegin.o
 *fill*         0x00000000020223f5        0x3 
 .bss.object.9045
                0x00000000020223f8       0x18 /opt/devkitpro/devkitARM/lib/gcc/arm-none-eabi/8.1.0/thumb/crtbegin.o
 .bss.accessCounter
                0x0000000002022410        0x4 /opt/devkitpro/libnds/lib/libfat.a(cache.o)
 .bss.processing
                0x0000000002022414        0x4 /opt/devkitpro/libnds/lib/libnds9.a(fifosystem.o)
                0x0000000002022414                processing
 .bss.SDcallback
                0x0000000002022418        0x4 /opt/devkitpro/libnds/lib/libnds9.a(system.o)
 .bss.__malloc_current_mallinfo
                0x000000000202241c       0x28 /opt/devkitpro/devkitARM/lib/gcc/arm-none-eabi/8.1.0/../../../../arm-none-eabi/lib/thumb/libg.a(lib_a-mallocr.o)
                0x000000000202241c                __malloc_current_mallinfo
 .bss.__malloc_max_sbrked_mem
                0x0000000002022444        0x4 /opt/devkitpro/devkitARM/lib/gcc/arm-none-eabi/8.1.0/../../../../arm-none-eabi/lib/thumb/libg.a(lib_a-mallocr.o)
                0x0000000002022444                __malloc_max_sbrked_mem
 .bss.__malloc_max_total_mem
                0x0000000002022448        0x4 /opt/devkitpro/devkitARM/lib/gcc/arm-none-eabi/8.1.0/../../../../arm-none-eabi/lib/thumb/libg.a(lib_a-mallocr.o)
                0x0000000002022448                __malloc_max_total_mem
 .bss.__malloc_top_pad